<html>
<body>
<pre>
<h1>礦ision Build Log</h1>
<h2>Tool Versions:</h2>
IDE-Version: μVision V5.38.0.0
Copyright (C) 2022 ARM Ltd and ARM Germany GmbH. All rights reserved.
License Information: 1 陶鑫旺, 2, LIC=KRMW3-A4546-TGW7T-RCVET-QP61F-CNZIX
 
Tool Versions:
Toolchain:       MDK-ARM Plus  Version: 5.24.1
Toolchain Path:  E:\stm32.data\ARM\ARMCC\Bin
C Compiler:      Armcc.exe V5.06 update 5 (build 528)
Assembler:       Armasm.exe V5.06 update 5 (build 528)
Linker/Locator:  ArmLink.exe V5.06 update 5 (build 528)
Library Manager: ArmAr.exe V5.06 update 5 (build 528)
Hex Converter:   FromElf.exe V5.06 update 5 (build 528)
CPU DLL:         SARMCM3.DLL V5.24.1
Dialog DLL:      DARMSTM.DLL V1.68.0.0
Target DLL:      STLink\ST-LINKIII-KEIL_SWO.dll V3.0.1.0
Dialog DLL:      TARMSTM.DLL V1.66.0.0
 
<h2>Project:</h2>
C:\Users\陶鑫旺\Desktop\code\competetion.code\艾特科技机械臂+K210+c8t6_辣椒\机械臂调试源码20211123(非平衡小车机械臂)\USER\MiniBalance.uvprojx
Project File Date:  05/04/2024

<h2>Output:</h2>
*** Using Compiler 'V5.06 update 5 (build 528)', folder: 'E:\stm32.data\ARM\ARMCC\Bin'
Rebuild target 'MiniBalance'
assembling startup_stm32f10x_hd.s...
compiling stm32f10x_it.c...
compiling core_cm3.c...
compiling stm32f10x_can.c...
compiling misc.c...
compiling stm32f10x_adc.c...
compiling stm32f10x_bkp.c...
compiling stm32f10x_crc.c...
compiling system_stm32f10x.c...
compiling stm32f10x_cec.c...
compiling stm32f10x_dac.c...
compiling stm32f10x_dbgmcu.c...
compiling MiniBalance.c...
MiniBalance.c(32): warning:  #177-D: variable "i"  was declared but never referenced
  			int i=0,J=0,K=0;
MiniBalance.c(32): warning:  #177-D: variable "J"  was declared but never referenced
  			int i=0,J=0,K=0;
MiniBalance.c(32): warning:  #177-D: variable "K"  was declared but never referenced
  			int i=0,J=0,K=0;
MiniBalance.c: 3 warnings, 0 errors
compiling stm32f10x_dma.c...
compiling stm32f10x_exti.c...
compiling stm32f10x_fsmc.c...
compiling stm32f10x_gpio.c...
compiling stm32f10x_flash.c...
compiling stm32f10x_pwr.c...
compiling stm32f10x_iwdg.c...
compiling stm32f10x_i2c.c...
compiling stm32f10x_rtc.c...
compiling stm32f10x_rcc.c...
compiling stm32f10x_sdio.c...
compiling stm32f10x_spi.c...
compiling str_change.c...
compiling stm32f10x_tim.c...
compiling stm32f10x_wwdg.c...
compiling stm32f10x_usart.c...
compiling delay.c...
compiling adc.c...
compiling LED.C...
compiling key.c...
compiling usart.c...
..\SYSTEM\usart\usart.c(112): warning:  #550-D: variable "clear"  was set but never used
  	   u8 clear;
..\SYSTEM\usart\usart.c(187): warning:  #550-D: variable "clear"  was set but never used
  	   u8 clear;
..\SYSTEM\usart\usart.c: 2 warnings, 0 errors
compiling oled.c...
..\MiniBalance_HARDWARE\OLED\oled.c(170): warning:  #167-D: argument of type "u8 *" is incompatible with parameter of type "char *restrict"
  	sprintf(buff,"%.4f",number);
..\MiniBalance_HARDWARE\OLED\oled.c: 1 warning, 0 errors
compiling sys.c...
compiling timer.c...
compiling motor.c...
compiling DataScope_DP.C...
compiling usart3.c...
..\MiniBalance_HARDWARE\USART3\usart3.c(61): warning:  #550-D: variable "clear"  was set but never used
  	 u8 clear;
..\MiniBalance_HARDWARE\USART3\usart3.c: 1 warning, 0 errors
compiling stmflash.c...
compiling pstwo.c...
compiling show.c...
compiling car.c...
..\MiniBalance_HARDWARE\Trailing\car.c(334): warning:  #1-D: last line of file ends without a newline
  }
..\MiniBalance_HARDWARE\Trailing\car.c: 1 warning, 0 errors
compiling control.c...
..\MiniBalance\CONTROL\control.c(649): warning:  #177-D: variable "i"  was declared but never referenced
  	int i=0,J=0;
..\MiniBalance\CONTROL\control.c(649): warning:  #177-D: variable "J"  was declared but never referenced
  	int i=0,J=0;
..\MiniBalance\CONTROL\control.c: 2 warnings, 0 errors
linking...
Program Size: Code=30704 RO-data=864 RW-data=656 ZI-data=3000  
FromELF: creating hex file...
"..\OBJ\MiniBalance.axf" - 0 Error(s), 10 Warning(s).

<h2>Software Packages used:</h2>

Package Vendor: Keil
                http://www.keil.com/pack/Keil.STM32F1xx_DFP.2.2.0.pack
                Keil.STM32F1xx_DFP.2.2.0
                STMicroelectronics STM32F1 Series Device Support, Drivers and Examples

<h2>Collection of Component include folders:</h2>
  E:/stm32.data/Keil/STM32F1xx_DFP/2.2.0/Device/Include

<h2>Collection of Component Files used:</h2>
Build Time Elapsed:  00:00:02
</pre>
</body>
</html>
