Component: ARM Compiler 5.06 update 5 (build 528) Tool: armlink [4d35e2]

==============================================================================

Section Cross References

    system_stm32f10x.o(.text) refers to system_stm32f10x.o(.data) for SystemCoreClock
    minibalance.o(.text) refers to sys.o(.text) for MY_NVIC_PriorityGroupConfig
    minibalance.o(.text) refers to delay.o(.text) for delay_init
    minibalance.o(.text) refers to usart.o(.text) for uart_init
    minibalance.o(.text) refers to usart3.o(.text) for uart3_init
    minibalance.o(.text) refers to motor.o(.text) for Time2_pwm_init
    minibalance.o(.text) refers to car.o(.text) for car_stop
    minibalance.o(.text) refers to timer.o(.text) for TIM2_Int_Init
    minibalance.o(.text) refers to minibalance.o(.data) for delay_flag
    startup_stm32f10x_hd.o(STACK) refers (Special) to heapauxi.o(.text) for __use_two_region_memory
    startup_stm32f10x_hd.o(HEAP) refers (Special) to heapauxi.o(.text) for __use_two_region_memory
    startup_stm32f10x_hd.o(RESET) refers (Special) to heapauxi.o(.text) for __use_two_region_memory
    startup_stm32f10x_hd.o(RESET) refers to startup_stm32f10x_hd.o(STACK) for __initial_sp
    startup_stm32f10x_hd.o(RESET) refers to startup_stm32f10x_hd.o(.text) for Reset_Handler
    startup_stm32f10x_hd.o(RESET) refers to stm32f10x_it.o(.text) for NMI_Handler
    startup_stm32f10x_hd.o(RESET) refers to control.o(.text) for TIM2_IRQHandler
    startup_stm32f10x_hd.o(RESET) refers to usart.o(.text) for USART1_IRQHandler
    startup_stm32f10x_hd.o(RESET) refers to usart3.o(.text) for USART3_IRQHandler
    startup_stm32f10x_hd.o(.text) refers (Special) to heapauxi.o(.text) for __use_two_region_memory
    startup_stm32f10x_hd.o(.text) refers to system_stm32f10x.o(.text) for SystemInit
    startup_stm32f10x_hd.o(.text) refers to __main.o(!!!main) for __main
    startup_stm32f10x_hd.o(.text) refers to startup_stm32f10x_hd.o(HEAP) for Heap_Mem
    startup_stm32f10x_hd.o(.text) refers to startup_stm32f10x_hd.o(STACK) for Stack_Mem
    stm32f10x_adc.o(.text) refers to stm32f10x_rcc.o(.text) for RCC_APB2PeriphResetCmd
    stm32f10x_bkp.o(.text) refers to stm32f10x_rcc.o(.text) for RCC_BackupResetCmd
    stm32f10x_can.o(.text) refers to stm32f10x_rcc.o(.text) for RCC_APB1PeriphResetCmd
    stm32f10x_cec.o(.text) refers to stm32f10x_rcc.o(.text) for RCC_APB1PeriphResetCmd
    stm32f10x_dac.o(.text) refers to stm32f10x_rcc.o(.text) for RCC_APB1PeriphResetCmd
    stm32f10x_gpio.o(.text) refers to stm32f10x_rcc.o(.text) for RCC_APB2PeriphResetCmd
    stm32f10x_i2c.o(.text) refers to stm32f10x_rcc.o(.text) for RCC_APB1PeriphResetCmd
    stm32f10x_pwr.o(.text) refers to stm32f10x_rcc.o(.text) for RCC_APB1PeriphResetCmd
    stm32f10x_rcc.o(.text) refers to stm32f10x_rcc.o(.data) for APBAHBPrescTable
    stm32f10x_spi.o(.text) refers to stm32f10x_rcc.o(.text) for RCC_APB2PeriphResetCmd
    stm32f10x_tim.o(.text) refers to stm32f10x_rcc.o(.text) for RCC_APB2PeriphResetCmd
    stm32f10x_usart.o(.text) refers to stm32f10x_rcc.o(.text) for RCC_APB2PeriphResetCmd
    stm32f10x_wwdg.o(.text) refers to stm32f10x_rcc.o(.text) for RCC_APB1PeriphResetCmd
    delay.o(.text) refers to misc.o(.text) for SysTick_CLKSourceConfig
    delay.o(.text) refers to system_stm32f10x.o(.data) for SystemCoreClock
    delay.o(.text) refers to delay.o(.data) for fac_us
    sys.o(.text) refers to sys.o(.emb_text) for WFI_SET
    usart.o(.text) refers (Special) to use_no_semi_2.o(.text) for __use_no_semihosting
    usart.o(.text) refers to stm32f10x_rcc.o(.text) for RCC_APB2PeriphClockCmd
    usart.o(.text) refers to stm32f10x_gpio.o(.text) for GPIO_Init
    usart.o(.text) refers to misc.o(.text) for NVIC_Init
    usart.o(.text) refers to stm32f10x_usart.o(.text) for USART_Init
    usart.o(.text) refers to usart.o(.data) for RXCENT
    usart.o(.text) refers to usart.o(.bss) for RXBuff
    usart.o(.bss) refers (Special) to use_no_semi_2.o(.text) for __use_no_semihosting
    usart.o(.data) refers (Special) to use_no_semi_2.o(.text) for __use_no_semihosting
    str_change.o(.text) refers to fflt_clz.o(x$fpl$fflt) for __aeabi_i2f
    str_change.o(.text) refers to fmul.o(x$fpl$fmul) for __aeabi_fmul
    str_change.o(.text) refers to faddsub_clz.o(x$fpl$fadd) for __aeabi_fadd
    str_change.o(.text) refers to f2d.o(x$fpl$f2d) for __aeabi_f2d
    str_change.o(.text) refers to dmul.o(x$fpl$dmul) for __aeabi_dmul
    str_change.o(.text) refers to d2f.o(x$fpl$d2f) for __aeabi_d2f
    str_change.o(.text) refers to strlen.o(.text) for strlen
    led.o(.text) refers to stm32f10x_rcc.o(.text) for RCC_APB2PeriphClockCmd
    led.o(.text) refers to stm32f10x_gpio.o(.text) for GPIO_Init
    led.o(.text) refers to led.o(.data) for temp
    key.o(.text) refers to stm32f10x_rcc.o(.text) for RCC_APB2PeriphClockCmd
    key.o(.text) refers to stm32f10x_gpio.o(.text) for GPIO_Init
[...]
    _init_alloc                               - Undefined Weak Reference
    _init_user_alloc                          - Undefined Weak Reference
    _initio                                   - Undefined Weak Reference
    _mutex_acquire                            - Undefined Weak Reference
    _mutex_release                            - Undefined Weak Reference
    _printf_post_padding                      - Undefined Weak Reference
    _printf_pre_padding                       - Undefined Weak Reference
    _printf_truncate_signed                   - Undefined Weak Reference
    _printf_truncate_unsigned                 - Undefined Weak Reference
    _signal_finish                            - Undefined Weak Reference
    _signal_init                              - Undefined Weak Reference
    _terminate_alloc                          - Undefined Weak Reference
    _terminate_user_alloc                     - Undefined Weak Reference
    _terminateio                              - Undefined Weak Reference
    __Vectors_Size                           0x00000130   Number         0  startup_stm32f10x_hd.o ABSOLUTE
    __Vectors                                0x08000000   Data           4  startup_stm32f10x_hd.o(RESET)
    __Vectors_End                            0x08000130   Data           0  startup_stm32f10x_hd.o(RESET)
    __main                                   0x08000131   Thumb Code     8  __main.o(!!!main)
    __scatterload                            0x08000139   Thumb Code     0  __scatter.o(!!!scatter)
    __scatterload_rt2                        0x08000139   Thumb Code    44  __scatter.o(!!!scatter)
    __scatterload_rt2_thumb_only             0x08000139   Thumb Code     0  __scatter.o(!!!scatter)
    __scatterload_null                       0x08000147   Thumb Code     0  __scatter.o(!!!scatter)
    __decompress                             0x0800016d   Thumb Code    90  __dczerorl2.o(!!dczerorl2)
    __decompress1                            0x0800016d   Thumb Code     0  __dczerorl2.o(!!dczerorl2)
    __scatterload_zeroinit                   0x080001c9   Thumb Code    28  __scatter_zi.o(!!handler_zi)
    _printf_d                                0x080001e5   Thumb Code     0  _printf_d.o(.ARM.Collect$$_printf_percent$$00000009)
    _printf_percent                          0x080001e5   Thumb Code     0  _printf_percent.o(.ARM.Collect$$_printf_percent$$00000000)
    _printf_percent_end                      0x080001eb   Thumb Code     0  _printf_percent_end.o(.ARM.Collect$$_printf_percent$$00000017)
    __rt_lib_init                            0x080001ef   Thumb Code     0  libinit.o(.ARM.Collect$$libinit$$00000000)
    __rt_lib_init_fp_1                       0x080001f1   Thumb Code     0  libinit2.o(.ARM.Collect$$libinit$$00000002)
    __rt_lib_init_heap_1                     0x080001f1   Thumb Code     0  libinit2.o(.ARM.Collect$$libinit$$0000000A)
    __rt_lib_init_preinit_1                  0x080001f1   Thumb Code     0  libinit2.o(.ARM.Collect$$libinit$$00000004)
    __rt_lib_init_rand_2                     0x080001f1   Thumb Code     0  libinit2.o(.ARM.Collect$$libinit$$0000000D)
    __rt_lib_init_user_alloc_1               0x080001f1   Thumb Code     0  libinit2.o(.ARM.Collect$$libinit$$0000000C)
    __rt_lib_init_alloca_1                   0x080001f5   Thumb Code     0  libinit2.o(.ARM.Collect$$libinit$$0000002E)
    __rt_lib_init_argv_1                     0x080001f5   Thumb Code     0  libinit2.o(.ARM.Collect$$libinit$$0000002C)
    __rt_lib_init_atexit_1                   0x080001f5   Thumb Code     0  libinit2.o(.ARM.Collect$$libinit$$0000001B)
    __rt_lib_init_clock_1                    0x080001f5   Thumb Code     0  libinit2.o(.ARM.Collect$$libinit$$00000021)
    __rt_lib_init_cpp_1                      0x080001f5   Thumb Code     0  libinit2.o(.ARM.Collect$$libinit$$00000032)
    __rt_lib_init_exceptions_1               0x080001f5   Thumb Code     0  libinit2.o(.ARM.Collect$$libinit$$00000030)
    __rt_lib_init_fp_trap_1                  0x080001f5   Thumb Code     0  libinit2.o(.ARM.Collect$$libinit$$0000001F)
    __rt_lib_init_getenv_1                   0x080001f5   Thumb Code     0  libinit2.o(.ARM.Collect$$libinit$$00000023)
    __rt_lib_init_lc_collate_1               0x080001f5   Thumb Code     0  libinit2.o(.ARM.Collect$$libinit$$00000011)
    __rt_lib_init_lc_ctype_1                 0x080001f5   Thumb Code     0  libinit2.o(.ARM.Collect$$libinit$$00000013)
    __rt_lib_init_lc_monetary_1              0x080001f5   Thumb Code     0  libinit2.o(.ARM.Collect$$libinit$$00000015)
    __rt_lib_init_lc_numeric_1               0x080001f5   Thumb Code     0  libinit2.o(.ARM.Collect$$libinit$$00000017)
    __rt_lib_init_lc_time_1                  0x080001f5   Thumb Code     0  libinit2.o(.ARM.Collect$$libinit$$00000019)
    __rt_lib_init_rand_1                     0x080001f5   Thumb Code     0  libinit2.o(.ARM.Collect$$libinit$$0000000E)
    __rt_lib_init_return                     0x080001f5   Thumb Code     0  libinit2.o(.ARM.Collect$$libinit$$00000033)
    __rt_lib_init_signal_1                   0x080001f5   Thumb Code     0  libinit2.o(.ARM.Collect$$libinit$$0000001D)
    __rt_lib_init_stdio_1                    0x080001f5   Thumb Code     0  libinit2.o(.ARM.Collect$$libinit$$00000025)
    __rt_lib_shutdown                        0x080001f7   Thumb Code     0  libshutdown.o(.ARM.Collect$$libshutdown$$00000000)
    __rt_lib_shutdown_cpp_1                  0x080001f9   Thumb Code     0  libshutdown2.o(.ARM.Collect$$libshutdown$$00000002)
    __rt_lib_shutdown_fp_trap_1              0x080001f9   Thumb Code     0  libshutdown2.o(.ARM.Collect$$libshutdown$$00000007)
    __rt_lib_shutdown_heap_1                 0x080001f9   Thumb Code     0  libshutdown2.o(.ARM.Collect$$libshutdown$$0000000F)
    __rt_lib_shutdown_return                 0x080001f9   Thumb Code     0  libshutdown2.o(.ARM.Collect$$libshutdown$$00000010)
    __rt_lib_shutdown_signal_1               0x080001f9   Thumb Code     0  libshutdown2.o(.ARM.Collect$$libshutdown$$0000000A)
    __rt_lib_shutdown_stdio_1                0x080001f9   Thumb Code     0  libshutdown2.o(.ARM.Collect$$libshutdown$$00000004)
    __rt_lib_shutdown_user_alloc_1           0x080001f9   Thumb Code     0  libshutdown2.o(.ARM.Collect$$libshutdown$$0000000C)
    __rt_entry                               0x080001fb   Thumb Code     0  __rtentry.o(.ARM.Collect$$rtentry$$00000000)
    __rt_entry_presh_1                       0x080001fb   Thumb Code     0  __rtentry2.o(.ARM.Collect$$rtentry$$00000002)
    __rt_entry_sh                            0x080001fb   Thumb Code     0  __rtentry4.o(.ARM.Collect$$rtentry$$00000004)
    __rt_entry_li                            0x08000201   Thumb Code     0  __rtentry2.o(.ARM.Collect$$rtentry$$0000000A)
    __rt_entry_postsh_1                      0x08000201   Thumb Code     0  __rtentry2.o(.ARM.Collect$$rtentry$$00000009)
    __rt_entry_main                          0x08000205   Thumb Code     0  __rtentry2.o(.ARM.Collect$$rtentry$$0000000D)
    __rt_entry_postli_1                      0x08000205   Thumb Code     0  __rtentry2.o(.ARM.Collect$$rtentry$$0000000C)
    __rt_exit                                0x0800020d   Thumb Code     0  rtexit.o(.ARM.Collect$$rtexit$$00000000)
    __rt_exit_ls                             0x0800020f   Thumb Code     0  rtexit2.o(.ARM.Collect$$rtexit$$00000003)
    __rt_exit_prels_1                        0x0800020f   Thumb Code     0  rtexit2.o(.ARM.Collect$$rtexit$$00000002)
    __rt_exit_exit                           0x08000213   Thumb Code     0  rtexit2.o(.ARM.Collect$$rtexit$$00000004)
    WFI_SET                                  0x08000219   Thumb Code     2  sys.o(.emb_text)
    INTX_DISABLE                             0x0800021b   Thumb Code     2  sys.o(.emb_text)
    INTX_ENABLE                              0x0800021d   Thumb Code     2  sys.o(.emb_text)
    MSR_MSP                                  0x0800021f   Thumb Code     6  sys.o(.emb_text)
    rand                                     0x08000225   Thumb Code    48  rand.o(.emb_text)
    NMI_Handler                              0x08000259   Thumb Code     2  stm32f10x_it.o(.text)
    HardFault_Handler                        0x0800025b   Thumb Code     4  stm32f10x_it.o(.text)
    MemManage_Handler                        0x0800025f   Thumb Code     4  stm32f10x_it.o(.text)
    BusFault_Handler                         0x08000263   Thumb Code     4  stm32f10x_it.o(.text)
    UsageFault_Handler                       0x08000267   Thumb Code     4  stm32f10x_it.o(.text)
    SVC_Handler                              0x0800026b   Thumb Code     2  stm32f10x_it.o(.text)
    DebugMon_Handler                         0x0800026d   Thumb Code     2  stm32f10x_it.o(.text)
    PendSV_Handler                           0x0800026f   Thumb Code     2  stm32f10x_it.o(.text)
    SysTick_Handler                          0x08000271   Thumb Code     2  stm32f10x_it.o(.text)
    SystemInit                               0x08000353   Thumb Code    78  system_stm32f10x.o(.text)
    SystemCoreClockUpdate                    0x080003a1   Thumb Code   142  system_stm32f10x.o(.text)
    main                                     0x08000455   Thumb Code   116  minibalance.o(.text)
    Reset_Handler                            0x080004d1   Thumb Code     8  startup_stm32f10x_hd.o(.text)
    ADC1_2_IRQHandler                        0x080004eb   Thumb Code     0  startup_stm32f10x_hd.o(.text)
    ADC3_IRQHandler                          0x080004eb   Thumb Code     0  startup_stm32f10x_hd.o(.text)
    CAN1_RX1_IRQHandler                      0x080004eb   Thumb Code     0  startup_stm32f10x_hd.o(.text)
    CAN1_SCE_IRQHandler                      0x080004eb   Thumb Code     0  startup_stm32f10x_hd.o(.text)
    DMA1_Channel1_IRQHandler                 0x080004eb   Thumb Code     0  startup_stm32f10x_hd.o(.text)
    DMA1_Channel2_IRQHandler                 0x080004eb   Thumb Code     0  startup_stm32f10x_hd.o(.text)
    DMA1_Channel3_IRQHandler                 0x080004eb   Thumb Code     0  startup_stm32f10x_hd.o(.text)
    DMA1_Channel4_IRQHandler                 0x080004eb   Thumb Code     0  startup_stm32f10x_hd.o(.text)
    DMA1_Channel5_IRQHandler                 0x080004eb   Thumb Code     0  startup_stm32f10x_hd.o(.text)
    DMA1_Channel6_IRQHandler                 0x080004eb   Thumb Code     0  startup_stm32f10x_hd.o(.text)
    DMA1_Channel7_IRQHandler                 0x080004eb   Thumb Code     0  startup_stm32f10x_hd.o(.text)
    DMA2_Channel1_IRQHandler                 0x080004eb   Thumb Code     0  startup_stm32f10x_hd.o(.text)
    DMA2_Channel2_IRQHandler                 0x080004eb   Thumb Code     0  startup_stm32f10x_hd.o(.text)
    DMA2_Channel3_IRQHandler                 0x080004eb   Thumb Code     0  startup_stm32f10x_hd.o(.text)
    DMA2_Channel4_5_IRQHandler               0x080004eb   Thumb Code     0  startup_stm32f10x_hd.o(.text)
    EXTI0_IRQHandler                         0x080004eb   Thumb Code     0  startup_stm32f10x_hd.o(.text)
    EXTI15_10_IRQHandler                     0x080004eb   Thumb Code     0  startup_stm32f10x_hd.o(.text)
    EXTI1_IRQHandler                         0x080004eb   Thumb Code     0  startup_stm32f10x_hd.o(.text)
    EXTI2_IRQHandler                         0x080004eb   Thumb Code     0  startup_stm32f10x_hd.o(.text)
    EXTI3_IRQHandler                         0x080004eb   Thumb Code     0  startup_stm32f10x_hd.o(.text)
    EXTI4_IRQHandler                         0x080004eb   Thumb Code     0  startup_stm32f10x_hd.o(.text)
    EXTI9_5_IRQHandler                       0x080004eb   Thumb Code     0  startup_stm32f10x_hd.o(.text)
    FLASH_IRQHandler                         0x080004eb   Thumb Code     0  startup_stm32f10x_hd.o(.text)
    FSMC_IRQHandler                          0x080004eb   Thumb Code     0  startup_stm32f10x_hd.o(.text)
    I2C1_ER_IRQHandler                       0x080004eb   Thumb Code     0  startup_stm32f10x_hd.o(.text)
    I2C1_EV_IRQHandler                       0x080004eb   Thumb Code     0  startup_stm32f10x_hd.o(.text)
    I2C2_ER_IRQHandler                       0x080004eb   Thumb Code     0  startup_stm32f10x_hd.o(.text)
    I2C2_EV_IRQHandler                       0x080004eb   Thumb Code     0  startup_stm32f10x_hd.o(.text)
    PVD_IRQHandler                           0x080004eb   Thumb Code     0  startup_stm32f10x_hd.o(.text)
    RCC_IRQHandler                           0x080004eb   Thumb Code     0  startup_stm32f10x_hd.o(.text)
    RTCAlarm_IRQHandler                      0x080004eb   Thumb Code     0  startup_stm32f10x_hd.o(.text)
    RTC_IRQHandler                           0x080004eb   Thumb Code     0  startup_stm32f10x_hd.o(.text)
    SDIO_IRQHandler                          0x080004eb   Thumb Code     0  startup_stm32f10x_hd.o(.text)
    SPI1_IRQHandler                          0x080004eb   Thumb Code     0  startup_stm32f10x_hd.o(.text)
    SPI2_IRQHandler                          0x080004eb   Thumb Code     0  startup_stm32f10x_hd.o(.text)
    SPI3_IRQHandler                          0x080004eb   Thumb Code     0  startup_stm32f10x_hd.o(.text)
    TAMPER_IRQHandler                        0x080004eb   Thumb Code     0  startup_stm32f10x_hd.o(.text)
    TIM1_BRK_IRQHandler                      0x080004eb   Thumb Code     0  startup_stm32f10x_hd.o(.text)
    TIM1_CC_IRQHandler                       0x080004eb   Thumb Code     0  startup_stm32f10x_hd.o(.text)
    TIM1_TRG_COM_IRQHandler                  0x080004eb   Thumb Code     0  startup_stm32f10x_hd.o(.text)
    TIM1_UP_IRQHandler                       0x080004eb   Thumb Code     0  startup_stm32f10x_hd.o(.text)
    TIM3_IRQHandler                          0x080004eb   Thumb Code     0  startup_stm32f10x_hd.o(.text)
    TIM4_IRQHandler                          0x080004eb   Thumb Code     0  startup_stm32f10x_hd.o(.text)
    TIM5_IRQHandler                          0x080004eb   Thumb Code     0  startup_stm32f10x_hd.o(.text)
    TIM6_IRQHandler                          0x080004eb   Thumb Code     0  startup_stm32f10x_hd.o(.text)
    TIM7_IRQHandler                          0x080004eb   Thumb Code     0  startup_stm32f10x_hd.o(.text)
    TIM8_BRK_IRQHandler                      0x080004eb   Thumb Code     0  startup_stm32f10x_hd.o(.text)
    TIM8_CC_IRQHandler                       0x080004eb   Thumb Code     0  startup_stm32f10x_hd.o(.text)
    TIM8_TRG_COM_IRQHandler                  0x080004eb   Thumb Code     0  startup_stm32f10x_hd.o(.text)
    TIM8_UP_IRQHandler                       0x080004eb   Thumb Code     0  startup_stm32f10x_hd.o(.text)
    UART4_IRQHandler                         0x080004eb   Thumb Code     0  startup_stm32f10x_hd.o(.text)
    UART5_IRQHandler                         0x080004eb   Thumb Code     0  startup_stm32f10x_hd.o(.text)
    USBWakeUp_IRQHandler                     0x080004eb   Thumb Code     0  startup_stm32f10x_hd.o(.text)
    USB_HP_CAN1_TX_IRQHandler                0x080004eb   Thumb Code     0  startup_stm32f10x_hd.o(.text)
    USB_LP_CAN1_RX0_IRQHandler               0x080004eb   Thumb Code     0  startup_stm32f10x_hd.o(.text)
    WWDG_IRQHandler                          0x080004eb   Thumb Code     0  startup_stm32f10x_hd.o(.text)
    __user_initial_stackheap                 0x080004ed   Thumb Code     0  startup_stm32f10x_hd.o(.text)
    NVIC_PriorityGroupConfig                 0x08000511   Thumb Code    10  misc.o(.text)
    NVIC_Init                                0x0800051b   Thumb Code   100  misc.o(.text)
    NVIC_SetVectorTable                      0x0800057f   Thumb Code    14  misc.o(.text)
    NVIC_SystemLPConfig                      0x0800058d   Thumb Code    34  misc.o(.text)
    SysTick_CLKSourceConfig                  0x080005af   Thumb Code    40  misc.o(.text)
    GPIO_DeInit                              0x080005ed   Thumb Code   172  stm32f10x_gpio.o(.text)
    GPIO_AFIODeInit                          0x08000699   Thumb Code    20  stm32f10x_gpio.o(.text)
    GPIO_Init                                0x080006ad   Thumb Code   278  stm32f10x_gpio.o(.text)
    GPIO_StructInit                          0x080007c3   Thumb Code    16  stm32f10x_gpio.o(.text)
    GPIO_ReadInputDataBit                    0x080007d3   Thumb Code    18  stm32f10x_gpio.o(.text)
    GPIO_ReadInputData                       0x080007e5   Thumb Code     8  stm32f10x_gpio.o(.text)
    GPIO_ReadOutputDataBit                   0x080007ed   Thumb Code    18  stm32f10x_gpio.o(.text)
    GPIO_ReadOutputData                      0x080007ff   Thumb Code     8  stm32f10x_gpio.o(.text)
    GPIO_SetBits                             0x08000807   Thumb Code     4  stm32f10x_gpio.o(.text)
    GPIO_ResetBits                           0x0800080b   Thumb Code     4  stm32f10x_gpio.o(.text)
    GPIO_WriteBit                            0x0800080f   Thumb Code    10  stm32f10x_gpio.o(.text)
    GPIO_Write                               0x08000819   Thumb Code     4  stm32f10x_gpio.o(.text)
    GPIO_PinLockConfig                       0x0800081d   Thumb Code    18  stm32f10x_gpio.o(.text)
    GPIO_EventOutputConfig                   0x0800082f   Thumb Code    26  stm32f10x_gpio.o(.text)
    GPIO_EventOutputCmd                      0x08000849   Thumb Code     6  stm32f10x_gpio.o(.text)
    GPIO_PinRemapConfig                      0x0800084f   Thumb Code   138  stm32f10x_gpio.o(.text)
    GPIO_EXTILineConfig                      0x080008d9   Thumb Code    66  stm32f10x_gpio.o(.text)
    GPIO_ETH_MediaInterfaceConfig            0x0800091b   Thumb Code     8  stm32f10x_gpio.o(.text)
    PWR_DeInit                               0x08000949   Thumb Code    22  stm32f10x_pwr.o(.text)
    PWR_BackupAccessCmd                      0x0800095f   Thumb Code     6  stm32f10x_pwr.o(.text)
    PWR_PVDCmd                               0x08000965   Thumb Code     6  stm32f10x_pwr.o(.text)
    PWR_PVDLevelConfig                       0x0800096b   Thumb Code    18  stm32f10x_pwr.o(.text)
    PWR_WakeUpPinCmd                         0x0800097d   Thumb Code     8  stm32f10x_pwr.o(.text)
    PWR_EnterSTOPMode                        0x08000985   Thumb Code    54  stm32f10x_pwr.o(.text)
    PWR_EnterSTANDBYMode                     0x080009bb   Thumb Code    42  stm32f10x_pwr.o(.text)
    PWR_GetFlagStatus                        0x080009e5   Thumb Code    20  stm32f10x_pwr.o(.text)
    PWR_ClearFlag                            0x080009f9   Thumb Code    14  stm32f10x_pwr.o(.text)
    RCC_DeInit                               0x08000a15   Thumb Code    64  stm32f10x_rcc.o(.text)
    RCC_HSEConfig                            0x08000a55   Thumb Code    70  stm32f10x_rcc.o(.text)
    RCC_GetFlagStatus                        0x08000a9b   Thumb Code    56  stm32f10x_rcc.o(.text)
    RCC_WaitForHSEStartUp                    0x08000ad3   Thumb Code    56  stm32f10x_rcc.o(.text)
    RCC_AdjustHSICalibrationValue            0x08000b0b   Thumb Code    20  stm32f10x_rcc.o(.text)
    RCC_HSICmd                               0x08000b1f   Thumb Code     6  stm32f10x_rcc.o(.text)
    RCC_PLLConfig                            0x08000b25   Thumb Code    24  stm32f10x_rcc.o(.text)
    RCC_PLLCmd                               0x08000b3d   Thumb Code     6  stm32f10x_rcc.o(.text)
    RCC_SYSCLKConfig                         0x08000b43   Thumb Code    18  stm32f10x_rcc.o(.text)
    RCC_GetSYSCLKSource                      0x08000b55   Thumb Code    10  stm32f10x_rcc.o(.text)
    RCC_HCLKConfig                           0x08000b5f   Thumb Code    18  stm32f10x_rcc.o(.text)
    RCC_PCLK1Config                          0x08000b71   Thumb Code    18  stm32f10x_rcc.o(.text)
    RCC_PCLK2Config                          0x08000b83   Thumb Code    20  stm32f10x_rcc.o(.text)
    RCC_ITConfig                             0x08000b97   Thumb Code    26  stm32f10x_rcc.o(.text)
    RCC_USBCLKConfig                         0x08000bb1   Thumb Code     8  stm32f10x_rcc.o(.text)
    RCC_ADCCLKConfig                         0x08000bb9   Thumb Code    18  stm32f10x_rcc.o(.text)
    RCC_LSEConfig                            0x08000bcb   Thumb Code    50  stm32f10x_rcc.o(.text)
    RCC_LSICmd                               0x08000bfd   Thumb Code     6  stm32f10x_rcc.o(.text)
    RCC_RTCCLKConfig                         0x08000c03   Thumb Code    12  stm32f10x_rcc.o(.text)
    RCC_RTCCLKCmd                            0x08000c0f   Thumb Code     8  stm32f10x_rcc.o(.text)
    RCC_GetClocksFreq                        0x08000c17   Thumb Code   192  stm32f10x_rcc.o(.text)
    RCC_AHBPeriphClockCmd                    0x08000cd7   Thumb Code    26  stm32f10x_rcc.o(.text)
    RCC_APB2PeriphClockCmd                   0x08000cf1   Thumb Code    26  stm32f10x_rcc.o(.text)
    RCC_APB1PeriphClockCmd                   0x08000d0b   Thumb Code    26  stm32f10x_rcc.o(.text)
    RCC_APB2PeriphResetCmd                   0x08000d25   Thumb Code    26  stm32f10x_rcc.o(.text)
    RCC_APB1PeriphResetCmd                   0x08000d3f   Thumb Code    26  stm32f10x_rcc.o(.text)
    RCC_BackupResetCmd                       0x08000d59   Thumb Code     8  stm32f10x_rcc.o(.text)
    RCC_ClockSecuritySystemCmd               0x08000d61   Thumb Code     6  stm32f10x_rcc.o(.text)
    RCC_MCOConfig                            0x08000d67   Thumb Code     6  stm32f10x_rcc.o(.text)
    RCC_ClearFlag                            0x08000d6d   Thumb Code    14  stm32f10x_rcc.o(.text)
    RCC_GetITStatus                          0x08000d7b   Thumb Code    20  stm32f10x_rcc.o(.text)
    RCC_ClearITPendingBit                    0x08000d8f   Thumb Code     6  stm32f10x_rcc.o(.text)
    TIM_DeInit                               0x08000db9   Thumb Code   424  stm32f10x_tim.o(.text)
    TIM_TimeBaseInit                         0x08000f61   Thumb Code   122  stm32f10x_tim.o(.text)
    TIM_OC1Init                              0x08000fdb   Thumb Code   132  stm32f10x_tim.o(.text)
    TIM_OC2Init                              0x0800105f   Thumb Code   154  stm32f10x_tim.o(.text)
    TIM_OC3Init                              0x080010f9   Thumb Code   150  stm32f10x_tim.o(.text)
    TIM_OC4Init                              0x0800118f   Thumb Code   182  stm32f10x_tim.o(.text)
    TIM_SetIC4Prescaler                      0x08001245   Thumb Code    26  stm32f10x_tim.o(.text)
    TIM_SetIC3Prescaler                      0x080012e1   Thumb Code    18  stm32f10x_tim.o(.text)
    TIM_SetIC2Prescaler                      0x0800136d   Thumb Code    26  stm32f10x_tim.o(.text)
    TIM_SetIC1Prescaler                      0x08001409   Thumb Code    18  stm32f10x_tim.o(.text)
    TIM_ICInit                               0x08001487   Thumb Code   150  stm32f10x_tim.o(.text)
    TIM_PWMIConfig                           0x0800151d   Thumb Code   124  stm32f10x_tim.o(.text)
    TIM_BDTRConfig                           0x08001599   Thumb Code    32  stm32f10x_tim.o(.text)
    TIM_TimeBaseStructInit                   0x080015b9   Thumb Code    18  stm32f10x_tim.o(.text)
    TIM_OCStructInit                         0x080015cb   Thumb Code    20  stm32f10x_tim.o(.text)
    TIM_ICStructInit                         0x080015df   Thumb Code    18  stm32f10x_tim.o(.text)
    TIM_BDTRStructInit                       0x080015f1   Thumb Code    40  stm32f10x_tim.o(.text)
    TIM_Cmd                                  0x08001619   Thumb Code    24  stm32f10x_tim.o(.text)
    TIM_CtrlPWMOutputs                       0x08001631   Thumb Code    30  stm32f10x_tim.o(.text)
    TIM_ITConfig                             0x0800164f   Thumb Code    18  stm32f10x_tim.o(.text)
    TIM_GenerateEvent                        0x08001661   Thumb Code     4  stm32f10x_tim.o(.text)
    TIM_DMAConfig                            0x08001665   Thumb Code    10  stm32f10x_tim.o(.text)
    TIM_DMACmd                               0x0800166f   Thumb Code    18  stm32f10x_tim.o(.text)
    TIM_InternalClockConfig                  0x08001681   Thumb Code    12  stm32f10x_tim.o(.text)
    TIM_SelectInputTrigger                   0x0800168d   Thumb Code    18  stm32f10x_tim.o(.text)
    TIM_ITRxExternalClockConfig              0x0800169f   Thumb Code    24  stm32f10x_tim.o(.text)
    TIM_TIxExternalClockConfig               0x080016b7   Thumb Code    62  stm32f10x_tim.o(.text)
    TIM_ETRConfig                            0x080016f5   Thumb Code    28  stm32f10x_tim.o(.text)
    TIM_ETRClockMode1Config                  0x08001711   Thumb Code    54  stm32f10x_tim.o(.text)
    TIM_ETRClockMode2Config                  0x08001747   Thumb Code    32  stm32f10x_tim.o(.text)
    TIM_PrescalerConfig                      0x08001767   Thumb Code     6  stm32f10x_tim.o(.text)
    TIM_CounterModeConfig                    0x0800176d   Thumb Code    18  stm32f10x_tim.o(.text)
    TIM_EncoderInterfaceConfig               0x0800177f   Thumb Code    66  stm32f10x_tim.o(.text)
    TIM_ForcedOC1Config                      0x080017c1   Thumb Code    18  stm32f10x_tim.o(.text)
    TIM_ForcedOC2Config                      0x080017d3   Thumb Code    26  stm32f10x_tim.o(.text)
    TIM_ForcedOC3Config                      0x080017ed   Thumb Code    18  stm32f10x_tim.o(.text)
    TIM_ForcedOC4Config                      0x080017ff   Thumb Code    26  stm32f10x_tim.o(.text)
    TIM_ARRPreloadConfig                     0x08001819   Thumb Code    24  stm32f10x_tim.o(.text)
    TIM_SelectCOM                            0x08001831   Thumb Code    24  stm32f10x_tim.o(.text)
    TIM_SelectCCDMA                          0x08001849   Thumb Code    24  stm32f10x_tim.o(.text)
    TIM_CCPreloadControl                     0x08001861   Thumb Code    24  stm32f10x_tim.o(.text)
    TIM_OC1PreloadConfig                     0x08001879   Thumb Code    18  stm32f10x_tim.o(.text)
    TIM_OC2PreloadConfig                     0x0800188b   Thumb Code    26  stm32f10x_tim.o(.text)
    TIM_OC3PreloadConfig                     0x080018a5   Thumb Code    18  stm32f10x_tim.o(.text)
    TIM_OC4PreloadConfig                     0x080018b7   Thumb Code    26  stm32f10x_tim.o(.text)
    TIM_OC1FastConfig                        0x080018d1   Thumb Code    18  stm32f10x_tim.o(.text)
    TIM_OC2FastConfig                        0x080018e3   Thumb Code    26  stm32f10x_tim.o(.text)
    TIM_OC3FastConfig                        0x080018fd   Thumb Code    18  stm32f10x_tim.o(.text)
    TIM_OC4FastConfig                        0x0800190f   Thumb Code    26  stm32f10x_tim.o(.text)
    TIM_ClearOC1Ref                          0x08001929   Thumb Code    18  stm32f10x_tim.o(.text)
    TIM_ClearOC2Ref                          0x0800193b   Thumb Code    24  stm32f10x_tim.o(.text)
    TIM_ClearOC3Ref                          0x08001953   Thumb Code    18  stm32f10x_tim.o(.text)
    TIM_ClearOC4Ref                          0x08001965   Thumb Code    24  stm32f10x_tim.o(.text)
    TIM_OC1PolarityConfig                    0x0800197d   Thumb Code    18  stm32f10x_tim.o(.text)
    TIM_OC1NPolarityConfig                   0x0800198f   Thumb Code    18  stm32f10x_tim.o(.text)
    TIM_OC2PolarityConfig                    0x080019a1   Thumb Code    26  stm32f10x_tim.o(.text)
    TIM_OC2NPolarityConfig                   0x080019bb   Thumb Code    26  stm32f10x_tim.o(.text)
    TIM_OC3PolarityConfig                    0x080019d5   Thumb Code    26  stm32f10x_tim.o(.text)
    TIM_OC3NPolarityConfig                   0x080019ef   Thumb Code    26  stm32f10x_tim.o(.text)
    TIM_OC4PolarityConfig                    0x08001a09   Thumb Code    26  stm32f10x_tim.o(.text)
    TIM_CCxCmd                               0x08001a23   Thumb Code    30  stm32f10x_tim.o(.text)
    TIM_CCxNCmd                              0x08001a41   Thumb Code    30  stm32f10x_tim.o(.text)
    TIM_SelectOCxM                           0x08001a5f   Thumb Code    82  stm32f10x_tim.o(.text)
    TIM_UpdateDisableConfig                  0x08001ab1   Thumb Code    24  stm32f10x_tim.o(.text)
    TIM_UpdateRequestConfig                  0x08001ac9   Thumb Code    24  stm32f10x_tim.o(.text)
    TIM_SelectHallSensor                     0x08001ae1   Thumb Code    24  stm32f10x_tim.o(.text)
    TIM_SelectOnePulseMode                   0x08001af9   Thumb Code    18  stm32f10x_tim.o(.text)
    TIM_SelectOutputTrigger                  0x08001b0b   Thumb Code    18  stm32f10x_tim.o(.text)
    TIM_SelectSlaveMode                      0x08001b1d   Thumb Code    18  stm32f10x_tim.o(.text)
    TIM_SelectMasterSlaveMode                0x08001b2f   Thumb Code    18  stm32f10x_tim.o(.text)
    TIM_SetCounter                           0x08001b41   Thumb Code     4  stm32f10x_tim.o(.text)
    TIM_SetAutoreload                        0x08001b45   Thumb Code     4  stm32f10x_tim.o(.text)
    TIM_SetCompare1                          0x08001b49   Thumb Code     4  stm32f10x_tim.o(.text)
    TIM_SetCompare2                          0x08001b4d   Thumb Code     4  stm32f10x_tim.o(.text)
    TIM_SetCompare3                          0x08001b51   Thumb Code     4  stm32f10x_tim.o(.text)
    TIM_SetCompare4                          0x08001b55   Thumb Code     6  stm32f10x_tim.o(.text)
    TIM_SetClockDivision                     0x08001b5b   Thumb Code    18  stm32f10x_tim.o(.text)
    TIM_GetCapture1                          0x08001b6d   Thumb Code     6  stm32f10x_tim.o(.text)
    TIM_GetCapture2                          0x08001b73   Thumb Code     6  stm32f10x_tim.o(.text)
    TIM_GetCapture3                          0x08001b79   Thumb Code     6  stm32f10x_tim.o(.text)
    TIM_GetCapture4                          0x08001b7f   Thumb Code     8  stm32f10x_tim.o(.text)
    TIM_GetCounter                           0x08001b87   Thumb Code     6  stm32f10x_tim.o(.text)
    TIM_GetPrescaler                         0x08001b8d   Thumb Code     6  stm32f10x_tim.o(.text)
    TIM_GetFlagStatus                        0x08001b93   Thumb Code    18  stm32f10x_tim.o(.text)
    TIM_ClearFlag                            0x08001ba5   Thumb Code     6  stm32f10x_tim.o(.text)
    TIM_GetITStatus                          0x08001bab   Thumb Code    34  stm32f10x_tim.o(.text)
    TIM_ClearITPendingBit                    0x08001bcd   Thumb Code     6  stm32f10x_tim.o(.text)
    USART_DeInit                             0x08001bd5   Thumb Code   134  stm32f10x_usart.o(.text)
    USART_Init                               0x08001c5b   Thumb Code   210  stm32f10x_usart.o(.text)
    USART_StructInit                         0x08001d2d   Thumb Code    24  stm32f10x_usart.o(.text)
    USART_ClockInit                          0x08001d45   Thumb Code    34  stm32f10x_usart.o(.text)
    USART_ClockStructInit                    0x08001d67   Thumb Code    12  stm32f10x_usart.o(.text)
    USART_Cmd                                0x08001d73   Thumb Code    24  stm32f10x_usart.o(.text)
    USART_ITConfig                           0x08001d8b   Thumb Code    74  stm32f10x_usart.o(.text)
    USART_DMACmd                             0x08001dd5   Thumb Code    18  stm32f10x_usart.o(.text)
    USART_SetAddress                         0x08001de7   Thumb Code    18  stm32f10x_usart.o(.text)
    USART_WakeUpConfig                       0x08001df9   Thumb Code    18  stm32f10x_usart.o(.text)
    USART_ReceiverWakeUpCmd                  0x08001e0b   Thumb Code    24  stm32f10x_usart.o(.text)
    USART_LINBreakDetectLengthConfig         0x08001e23   Thumb Code    18  stm32f10x_usart.o(.text)
    USART_LINCmd                             0x08001e35   Thumb Code    24  stm32f10x_usart.o(.text)
    USART_SendData                           0x08001e4d   Thumb Code     8  stm32f10x_usart.o(.text)
    USART_ReceiveData                        0x08001e55   Thumb Code    10  stm32f10x_usart.o(.text)
    USART_SendBreak                          0x08001e5f   Thumb Code    10  stm32f10x_usart.o(.text)
    USART_SetGuardTime                       0x08001e69   Thumb Code    16  stm32f10x_usart.o(.text)
    USART_SetPrescaler                       0x08001e79   Thumb Code    16  stm32f10x_usart.o(.text)
    USART_SmartCardCmd                       0x08001e89   Thumb Code    24  stm32f10x_usart.o(.text)
    USART_SmartCardNACKCmd                   0x08001ea1   Thumb Code    24  stm32f10x_usart.o(.text)
    USART_HalfDuplexCmd                      0x08001eb9   Thumb Code    24  stm32f10x_usart.o(.text)
    USART_OverSampling8Cmd                   0x08001ed1   Thumb Code    22  stm32f10x_usart.o(.text)
    USART_OneBitMethodCmd                    0x08001ee7   Thumb Code    24  stm32f10x_usart.o(.text)
    USART_IrDAConfig                         0x08001eff   Thumb Code    18  stm32f10x_usart.o(.text)
    USART_IrDACmd                            0x08001f11   Thumb Code    24  stm32f10x_usart.o(.text)
    USART_GetFlagStatus                      0x08001f29   Thumb Code    26  stm32f10x_usart.o(.text)
    USART_ClearFlag                          0x08001f43   Thumb Code    18  stm32f10x_usart.o(.text)
    USART_GetITStatus                        0x08001f55   Thumb Code    84  stm32f10x_usart.o(.text)
    USART_ClearITPendingBit                  0x08001fa9   Thumb Code    52  stm32f10x_usart.o(.text)
    delay_init                               0x08001fdd   Thumb Code    50  delay.o(.text)
    delay_us                                 0x0800200f   Thumb Code    72  delay.o(.text)
    delay_ms                                 0x08002057   Thumb Code    72  delay.o(.text)
    MY_NVIC_SetVectorTable                   0x080020b1   Thumb Code    12  sys.o(.text)
    MY_NVIC_PriorityGroupConfig              0x080020bd   Thumb Code    36  sys.o(.text)
    MY_NVIC_Init                             0x080020e1   Thumb Code   116  sys.o(.text)
    Ex_NVIC_Config                           0x08002155   Thumb Code   146  sys.o(.text)
    MYRCC_DeInit                             0x080021e7   Thumb Code    90  sys.o(.text)
    SetNVICPriority                          0x08002241   Thumb Code   206  sys.o(.text)
    Sys_Standby                              0x0800230f   Thumb Code    68  sys.o(.text)
    Sys_Soft_Reset                           0x08002353   Thumb Code    12  sys.o(.text)
    JTAG_Set                                 0x0800235f   Thumb Code    42  sys.o(.text)
    Stm32_Clock_Init                         0x08002389   Thumb Code   134  sys.o(.text)
    _sys_exit                                0x0800243d   Thumb Code     6  usart.o(.text)
    fputc                                    0x08002443   Thumb Code    24  usart.o(.text)
    usart3_printf                            0x0800245b   Thumb Code    34  usart.o(.text)
    usart3_sendchar                          0x0800247d   Thumb Code    22  usart.o(.text)
    uart_init                                0x08002493   Thumb Code   166  usart.o(.text)
    usart1_sendchar                          0x08002539   Thumb Code    22  usart.o(.text)
    USART1_IRQHandler                        0x0800254f   Thumb Code    92  usart.o(.text)
    uart2_init                               0x080025ab   Thumb Code   160  usart.o(.text)
    usart2_sendchar                          0x0800264b   Thumb Code    22  usart.o(.text)
    USART2_IRQHandler                        0x08002661   Thumb Code    62  usart.o(.text)
    CRStrLib_isNum                           0x080026c9   Thumb Code    18  str_change.o(.text)
    CRStrLib_char2Int                        0x080026db   Thumb Code     8  str_change.o(.text)
    CRStrLib_isSymbol                        0x080026e3   Thumb Code    18  str_change.o(.text)
    CRStrLib_strLen                          0x080026f5   Thumb Code    28  str_change.o(.text)
    CRStrLib_findNextInt                     0x08002711   Thumb Code   130  str_change.o(.text)
    CRStrLib_findNextFloat                   0x08002793   Thumb Code   284  str_change.o(.text)
    CRStrLib_endWith                         0x080028af   Thumb Code    70  str_change.o(.text)
    CRStrLib_startWith                       0x080028f5   Thumb Code    60  str_change.o(.text)
    CRStrLib_isValidData                     0x08002931   Thumb Code    38  str_change.o(.text)
    KEY_Init                                 0x08002965   Thumb Code    32  key.o(.text)
    click_N_Double                           0x08002985   Thumb Code   184  key.o(.text)
    click                                    0x08002a3d   Thumb Code   162  key.o(.text)
    Long_Press                               0x08002adf   Thumb Code    72  key.o(.text)
    TIM2_Int_Init                            0x08002b55   Thumb Code    88  timer.o(.text)
    TIM4_PWM_Init                            0x08002bad   Thumb Code   184  motor.o(.text)
    TIM1_PWM_Init                            0x08002c65   Thumb Code   130  motor.o(.text)
    Time2_pwm_init                           0x08002ce7   Thumb Code   202  motor.o(.text)
    output_pwm                               0x08002db1   Thumb Code    78  motor.o(.text)
    uart3_init                               0x08002e1d   Thumb Code   170  usart3.o(.text)
    USART3_IRQHandler                        0x08002ec7   Thumb Code    74  usart3.o(.text)
    tail_trail_init                          0x08002f25   Thumb Code    90  car.o(.text)
    head_trail_init                          0x08002f7f   Thumb Code    60  car.o(.text)
    bizhang_init                             0x08002fbb   Thumb Code    30  car.o(.text)
    car_stop                                 0x08002fd9   Thumb Code    36  car.o(.text)
    SpeechSet                                0x08002ffd   Thumb Code    82  car.o(.text)
    test                                     0x0800304f   Thumb Code    48  car.o(.text)
    move                                     0x0800307f   Thumb Code    78  car.o(.text)
    turn                                     0x080030cd   Thumb Code   100  car.o(.text)
    tail_xunji                               0x08003131   Thumb Code   198  car.o(.text)
    head_xunji                               0x080031f7   Thumb Code   206  car.o(.text)
    bizhangAction                            0x080032c5   Thumb Code    26  car.o(.text)
    Check_Sum                                0x08003319   Thumb Code    26  control.o(.text)
    abss                                     0x08003333   Thumb Code    24  control.o(.text)
    is_right_solution                        0x0800334b   Thumb Code   480  control.o(.text)
    joint_angle_legal                        0x0800352b   Thumb Code   218  control.o(.text)
    random1                                  0x08003605   Thumb Code    24  control.o(.text)
    angle_to_radian                          0x0800361d   Thumb Code    46  control.o(.text)
    radian_to_angle                          0x0800364b   Thumb Code    44  control.o(.text)
    inserve_kinematics                       0x08003677   Thumb Code  1196  control.o(.text)
    count_xyz                                0x08003b23   Thumb Code   756  control.o(.text)
    duoji5_static                            0x08003e17   Thumb Code    86  control.o(.text)
    success_action                           0x08003e6d   Thumb Code   300  control.o(.text)
    duoji_init                               0x08003f99   Thumb Code    24  control.o(.text)
    judge_init                               0x08003fb1   Thumb Code   322  control.o(.text)
    zhua_and_fang                            0x080040f3   Thumb Code   100  control.o(.text)
    return_init                              0x08004157   Thumb Code   104  control.o(.text)
    color_fenlei                             0x080041bf   Thumb Code   192  control.o(.text)
    Action_Group                             0x0800427f   Thumb Code    64  control.o(.text)
    Action_Singnal                           0x080042bf   Thumb Code    82  control.o(.text)
    U16T0Byte                                0x08004311   Thumb Code     8  control.o(.text)
    Action_Six                               0x08004319   Thumb Code   130  control.o(.text)
    GarbageSorting                           0x0800439b   Thumb Code    60  control.o(.text)
    SendCoint                                0x080043d7   Thumb Code   130  control.o(.text)
    TIM2_IRQHandler                          0x08004459   Thumb Code  1318  control.o(.text)
    Set_Pwm                                  0x0800497f   Thumb Code   156  control.o(.text)
    Turn_Off                                 0x08004a1b   Thumb Code    18  control.o(.text)
    Xianfu_Pwm                               0x08004a2d   Thumb Code   262  control.o(.text)
    Xianfu_Pwm2                              0x08004b33   Thumb Code   390  control.o(.text)
    Key                                      0x08004cb9   Thumb Code    32  control.o(.text)
    Control                                  0x08004cd9   Thumb Code   344  control.o(.text)
    Position_PID1                            0x08004e31   Thumb Code   148  control.o(.text)
    Position_PID2                            0x08004ec5   Thumb Code   148  control.o(.text)
    Position_PID3                            0x08004f59   Thumb Code   148  control.o(.text)
    Position_PID4                            0x08004fed   Thumb Code   148  control.o(.text)
    Position_PID5                            0x08005081   Thumb Code   148  control.o(.text)
    Position_PID6                            0x08005115   Thumb Code   148  control.o(.text)
    myabs                                    0x080051a9   Thumb Code   140  control.o(.text)
    __use_no_semihosting                     0x08005235   Thumb Code     2  use_no_semi_2.o(.text)
    __2printf                                0x08005239   Thumb Code    20  noretval__2printf.o(.text)
    _printf_int_dec                          0x08005251   Thumb Code   104  _printf_dec.o(.text)
    __printf                                 0x080052c9   Thumb Code   270  __printf_wp.o(.text)
    srand                                    0x080053d9   Thumb Code    42  rand.o(.text)
    _rand_init                               0x08005403   Thumb Code     4  rand.o(.text)
    strlen                                   0x08005415   Thumb Code    62  strlen.o(.text)
    __aeabi_memclr4                          0x08005453   Thumb Code     0  rt_memclr_w.o(.text)
    __aeabi_memclr8                          0x08005453   Thumb Code     0  rt_memclr_w.o(.text)
    __rt_memclr_w                            0x08005453   Thumb Code    78  rt_memclr_w.o(.text)
    _memset_w                                0x08005457   Thumb Code     0  rt_memclr_w.o(.text)
    __use_two_region_memory                  0x080054a1   Thumb Code     2  heapauxi.o(.text)
    __rt_heap_escrow$2region                 0x080054a3   Thumb Code     2  heapauxi.o(.text)
    __rt_heap_expand$2region                 0x080054a5   Thumb Code     2  heapauxi.o(.text)
    __I$use$semihosting                      0x080054a7   Thumb Code     0  use_no_semi.o(.text)
    __use_no_semihosting_swi                 0x080054a7   Thumb Code     2  use_no_semi.o(.text)
    __read_errno                             0x080054a9   Thumb Code    10  _rserrno.o(.text)
    __set_errno                              0x080054b3   Thumb Code    12  _rserrno.o(.text)
    _printf_int_common                       0x080054bf   Thumb Code   178  _printf_intcommon.o(.text)
    _printf_char_common                      0x0800557b   Thumb Code    32  _printf_char_common.o(.text)
    _printf_char_file                        0x080055a1   Thumb Code    32  _printf_char_file.o(.text)
    __aeabi_errno_addr                       0x080055c5   Thumb Code     8  rt_errno_addr_intlibspace.o(.text)
    __errno$intlibspace                      0x080055c5   Thumb Code     0  rt_errno_addr_intlibspace.o(.text)
    __rt_errno_addr$intlibspace              0x080055c5   Thumb Code     0  rt_errno_addr_intlibspace.o(.text)
    ferror                                   0x080055cd   Thumb Code     8  ferror.o(.text)
    __user_libspace                          0x080055d5   Thumb Code     8  libspace.o(.text)
    __user_perproc_libspace                  0x080055d5   Thumb Code     0  libspace.o(.text)
    __user_perthread_libspace                0x080055d5   Thumb Code     0  libspace.o(.text)
    __user_setup_stackheap                   0x080055dd   Thumb Code    74  sys_stackheap_outer.o(.text)
    exit                                     0x08005627   Thumb Code    18  exit.o(.text)
    __ARM_fpclassify                         0x08005639   Thumb Code    40  fpclassify.o(i.__ARM_fpclassify)
    __ieee754_rem_pio2                       0x08005661   Thumb Code   828  rred.o(i.__ieee754_rem_pio2)
    __kernel_cos                             0x080059e9   Thumb Code   230  cos_i.o(i.__kernel_cos)
    __kernel_poly                            0x08005ae5   Thumb Code   170  poly.o(i.__kernel_poly)
    __kernel_sin                             0x08005b91   Thumb Code   224  sin_i.o(i.__kernel_sin)
    __mathlib_dbl_infnan                     0x08005c7d   Thumb Code     6  dunder.o(i.__mathlib_dbl_infnan)
    __mathlib_dbl_infnan2                    0x08005c83   Thumb Code     4  dunder.o(i.__mathlib_dbl_infnan2)
    __mathlib_dbl_invalid                    0x08005c87   Thumb Code    12  dunder.o(i.__mathlib_dbl_invalid)
    __mathlib_dbl_underflow                  0x08005c95   Thumb Code    10  dunder.o(i.__mathlib_dbl_underflow)
    _is_digit                                0x08005ca5   Thumb Code    14  __printf_wp.o(i._is_digit)
    asin                                     0x08005cb5   Thumb Code   572  asin.o(i.asin)
    atan                                     0x08005f25   Thumb Code   474  atan.o(i.atan)
    atan2                                    0x08006145   Thumb Code   346  atan2.o(i.atan2)
    cos                                      0x080062c5   Thumb Code   148  cos.o(i.cos)
    floor                                    0x08006361   Thumb Code   204  floor.o(i.floor)
    sin                                      0x0800643d   Thumb Code   150  sin.o(i.sin)
    sqrt                                     0x080064dd   Thumb Code    76  sqrt.o(i.sqrt)
    __aeabi_d2f                              0x08006529   Thumb Code     0  d2f.o(x$fpl$d2f)
    _d2f                                     0x08006529   Thumb Code    98  d2f.o(x$fpl$d2f)
    __aeabi_dadd                             0x0800658d   Thumb Code     0  daddsub_clz.o(x$fpl$dadd)
    _dadd                                    0x0800658d   Thumb Code   332  daddsub_clz.o(x$fpl$dadd)
    __fpl_dcheck_NaN1                        0x080066dd   Thumb Code    10  dcheck1.o(x$fpl$dcheck1)
    __fpl_dcmp_Inf                           0x080066ed   Thumb Code    24  dcmpi.o(x$fpl$dcmpinf)
    __aeabi_ddiv                             0x08006705   Thumb Code     0  ddiv.o(x$fpl$ddiv)
    _ddiv                                    0x08006705   Thumb Code   552  ddiv.o(x$fpl$ddiv)
    __aeabi_d2iz                             0x080069b5   Thumb Code     0  dfix.o(x$fpl$dfix)
    _dfix                                    0x080069b5   Thumb Code    94  dfix.o(x$fpl$dfix)
    __aeabi_i2d                              0x08006a13   Thumb Code     0  dflt_clz.o(x$fpl$dflt)
    _dflt                                    0x08006a13   Thumb Code    46  dflt_clz.o(x$fpl$dflt)
    __aeabi_ui2d                             0x08006a41   Thumb Code     0  dflt_clz.o(x$fpl$dfltu)
    _dfltu                                   0x08006a41   Thumb Code    38  dflt_clz.o(x$fpl$dfltu)
    __aeabi_cdcmple                          0x08006a69   Thumb Code     0  dleqf.o(x$fpl$dleqf)
    _dcmple                                  0x08006a69   Thumb Code   120  dleqf.o(x$fpl$dleqf)
    __fpl_dcmple_InfNaN                      0x08006acb   Thumb Code     0  dleqf.o(x$fpl$dleqf)
    __aeabi_dmul                             0x08006ae1   Thumb Code     0  dmul.o(x$fpl$dmul)
    _dmul                                    0x08006ae1   Thumb Code   332  dmul.o(x$fpl$dmul)
    __fpl_dnaninf                            0x08006c35   Thumb Code   156  dnaninf.o(x$fpl$dnaninf)
    __fpl_dretinf                            0x08006cd1   Thumb Code    12  dretinf.o(x$fpl$dretinf)
    __aeabi_cdrcmple                         0x08006cdd   Thumb Code     0  drleqf.o(x$fpl$drleqf)
    _drcmple                                 0x08006cdd   Thumb Code   108  drleqf.o(x$fpl$drleqf)
    __aeabi_drsub                            0x08006d49   Thumb Code     0  daddsub_clz.o(x$fpl$drsb)
    _drsb                                    0x08006d49   Thumb Code    22  daddsub_clz.o(x$fpl$drsb)
    _dsqrt                                   0x08006d61   Thumb Code   456  dsqrt_noumaal.o(x$fpl$dsqrt)
    __aeabi_dsub                             0x08006f2d   Thumb Code     0  daddsub_clz.o(x$fpl$dsub)
    _dsub                                    0x08006f2d   Thumb Code   464  daddsub_clz.o(x$fpl$dsub)
    __aeabi_f2d                              0x08007101   Thumb Code     0  f2d.o(x$fpl$f2d)
    _f2d                                     0x08007101   Thumb Code    86  f2d.o(x$fpl$f2d)
    __aeabi_fadd                             0x08007159   Thumb Code     0  faddsub_clz.o(x$fpl$fadd)
    _fadd                                    0x08007159   Thumb Code   196  faddsub_clz.o(x$fpl$fadd)
    __fpl_fcmp_Inf                           0x0800721d   Thumb Code    24  fcmpi.o(x$fpl$fcmpinf)
    __aeabi_fdiv                             0x08007235   Thumb Code     0  fdiv.o(x$fpl$fdiv)
    _fdiv                                    0x08007235   Thumb Code   384  fdiv.o(x$fpl$fdiv)
    __aeabi_cfcmpeq                          0x080073b9   Thumb Code     0  feqf.o(x$fpl$feqf)
    _fcmpeq                                  0x080073b9   Thumb Code   104  feqf.o(x$fpl$feqf)
    __aeabi_f2iz                             0x08007421   Thumb Code     0  ffix.o(x$fpl$ffix)
    _ffix                                    0x08007421   Thumb Code    54  ffix.o(x$fpl$ffix)
    __aeabi_f2uiz                            0x08007459   Thumb Code     0  ffixu.o(x$fpl$ffixu)
    _ffixu                                   0x08007459   Thumb Code    62  ffixu.o(x$fpl$ffixu)
    __aeabi_i2f                              0x08007499   Thumb Code     0  fflt_clz.o(x$fpl$fflt)
    _fflt                                    0x08007499   Thumb Code    48  fflt_clz.o(x$fpl$fflt)
    __aeabi_cfcmple                          0x080074c9   Thumb Code     0  fleqf.o(x$fpl$fleqf)
    _fcmple                                  0x080074c9   Thumb Code   104  fleqf.o(x$fpl$fleqf)
    __fpl_fcmple_InfNaN                      0x0800751b   Thumb Code     0  fleqf.o(x$fpl$fleqf)
    __aeabi_fmul                             0x08007531   Thumb Code     0  fmul.o(x$fpl$fmul)
    _fmul                                    0x08007531   Thumb Code   258  fmul.o(x$fpl$fmul)
    __fpl_fnaninf                            0x08007633   Thumb Code   140  fnaninf.o(x$fpl$fnaninf)
    __fpl_fretinf                            0x080076bf   Thumb Code    10  fretinf.o(x$fpl$fretinf)
    __aeabi_cfrcmple                         0x080076c9   Thumb Code     0  frleqf.o(x$fpl$frleqf)
    _frcmple                                 0x080076c9   Thumb Code    98  frleqf.o(x$fpl$frleqf)
    __aeabi_frsub                            0x0800772b   Thumb Code     0  faddsub_clz.o(x$fpl$frsb)
    _frsb                                    0x0800772b   Thumb Code    20  faddsub_clz.o(x$fpl$frsb)
    __aeabi_fsub                             0x08007741   Thumb Code     0  faddsub_clz.o(x$fpl$fsub)
    _fsub                                    0x08007741   Thumb Code   234  faddsub_clz.o(x$fpl$fsub)
    __fpl_return_NaN                         0x0800782b   Thumb Code   100  retnan.o(x$fpl$retnan)
    __ARM_scalbn                             0x0800788f   Thumb Code    92  scalbn.o(x$fpl$scalbn)
    __fpl_cmpreturn                          0x080078eb   Thumb Code    48  trapv.o(x$fpl$trapveneer)
    __I$use$fp                               0x0800791a   Number         0  usenofp.o(x$fpl$usenofp)
    __mathlib_zero                           0x08007a38   Data           8  qnan.o(.constdata)
    Region$$Table$$Base                      0x08007b30   Number         0  anon$$obj.o(Region$$Table)
    Region$$Table$$Limit                     0x08007b50   Number         0  anon$$obj.o(Region$$Table)
    SystemCoreClock                          0x20000000   Data           4  system_stm32f10x.o(.data)
    AHBPrescTable                            0x20000004   Data          16  system_stm32f10x.o(.data)
    Flag_Way                                 0x20000014   Data           1  minibalance.o(.data)
    Flag_Show                                0x20000015   Data           1  minibalance.o(.data)
    Servo1                                   0x20000018   Data           4  minibalance.o(.data)
    Servo2                                   0x2000001c   Data           4  minibalance.o(.data)
    Servo3                                   0x20000020   Data           4  minibalance.o(.data)
    Servo4                                   0x20000024   Data           4  minibalance.o(.data)
    Servo5                                   0x20000028   Data           4  minibalance.o(.data)
    Velocity1                                0x2000002c   Data           4  minibalance.o(.data)
    Velocity2                                0x20000030   Data           4  minibalance.o(.data)
    Velocity3                                0x20000034   Data           4  minibalance.o(.data)
    Velocity4                                0x20000038   Data           4  minibalance.o(.data)
    Velocity5                                0x2000003c   Data           4  minibalance.o(.data)
    Velocity6                                0x20000040   Data           4  minibalance.o(.data)
    Position1                                0x20000044   Data           4  minibalance.o(.data)
    Position2                                0x20000048   Data           4  minibalance.o(.data)
    Position3                                0x2000004c   Data           4  minibalance.o(.data)
    Position4                                0x20000050   Data           4  minibalance.o(.data)
    Position5                                0x20000054   Data           4  minibalance.o(.data)
    Position6                                0x20000058   Data           4  minibalance.o(.data)
    Speed                                    0x2000005c   Data           4  minibalance.o(.data)
    Voltage                                  0x20000060   Data           4  minibalance.o(.data)
    delay_50                                 0x20000064   Data           1  minibalance.o(.data)
    delay_flag                               0x20000065   Data           1  minibalance.o(.data)
    Bi_zhang                                 0x20000066   Data           1  minibalance.o(.data)
    PID_Send                                 0x20000067   Data           1  minibalance.o(.data)
    Flash_Send                               0x20000068   Data           1  minibalance.o(.data)
    Balance_Kp                               0x2000006c   Data           4  minibalance.o(.data)
    Balance_Kd                               0x20000070   Data           4  minibalance.o(.data)
    Velocity_Kp                              0x20000074   Data           4  minibalance.o(.data)
    Velocity_Ki                              0x20000078   Data           4  minibalance.o(.data)
    Target_X                                 0x2000007c   Data           4  minibalance.o(.data)
    Target_Y                                 0x20000080   Data           4  minibalance.o(.data)
    Target_Z                                 0x20000084   Data           4  minibalance.o(.data)
    Target1                                  0x20000088   Data           4  minibalance.o(.data)
    Target2                                  0x2000008c   Data           4  minibalance.o(.data)
    Target3                                  0x20000090   Data           4  minibalance.o(.data)
    Target4                                  0x20000094   Data           4  minibalance.o(.data)
    Target5                                  0x20000098   Data           4  minibalance.o(.data)
    Target6                                  0x2000009c   Data           4  minibalance.o(.data)
    TargetX                                  0x200000a0   Data           4  minibalance.o(.data)
    TargetY                                  0x200000a4   Data           4  minibalance.o(.data)
    TargetZ                                  0x200000a8   Data           4  minibalance.o(.data)
    Target_Beta                              0x200000ac   Data           4  minibalance.o(.data)
    Target_Alpha                             0x200000b0   Data           4  minibalance.o(.data)
    Target_Gamma                             0x200000b4   Data           4  minibalance.o(.data)
    Position_KP                              0x200000b8   Data           4  minibalance.o(.data)
    Position_KI                              0x200000bc   Data           4  minibalance.o(.data)
    Position_KD                              0x200000c0   Data           4  minibalance.o(.data)
    PS2_LX                                   0x200000c4   Data           4  minibalance.o(.data)
    PS2_LY                                   0x200000c8   Data           4  minibalance.o(.data)
    PS2_RX                                   0x200000cc   Data           4  minibalance.o(.data)
    PS2_RY                                   0x200000d0   Data           4  minibalance.o(.data)
    PS2_KEY                                  0x200000d4   Data           4  minibalance.o(.data)
    zhua_flag                                0x200000d8   Data           1  minibalance.o(.data)
    testcmd                                  0x200000d9   Data          14  minibalance.o(.data)
    j                                        0x20000100   Data           1  usart.o(.data)
    reflag                                   0x20000101   Data           1  usart.o(.data)
    __stdout                                 0x20000104   Data           4  usart.o(.data)
    RXCENT                                   0x20000108   Data           4  usart.o(.data)
    ch                                       0x2000010c   Data           1  usart.o(.data)
    RXFLAG                                   0x20000110   Data           4  usart.o(.data)
    RXCENT_2                                 0x20000114   Data           4  usart.o(.data)
    Balance_Pwm                              0x20000128   Data           4  control.o(.data)
    Velocity_Pwm                             0x2000012c   Data           4  control.o(.data)
    Turn_Pwm                                 0x20000130   Data           4  control.o(.data)
    Flag_Target                              0x20000134   Data           1  control.o(.data)
    Flash_R_Count                            0x20000138   Data           4  control.o(.data)
    color                                    0x2000013c   Data           1  control.o(.data)
    init_flag                                0x2000013d   Data           1  control.o(.data)
    head_flag                                0x2000013e   Data           1  control.o(.data)
    TAIL_flag                                0x2000013f   Data           1  control.o(.data)
    end_ok                                   0x20000140   Data           1  control.o(.data)
    H_xun                                    0x20000141   Data           1  control.o(.data)
    T_xun                                    0x20000142   Data           1  control.o(.data)
    T_anx                                    0x20000143   Data           1  control.o(.data)
    Voltage_Temp                             0x20000144   Data           4  control.o(.data)
    Voltage_Count                            0x20000148   Data           4  control.o(.data)
    Voltage_All                              0x2000014c   Data           4  control.o(.data)
    Last_TargetX                             0x20000150   Data           4  control.o(.data)
    Last_TargetY                             0x20000154   Data           4  control.o(.data)
    Last_TargetZ                             0x20000158   Data           4  control.o(.data)
    RecyclableTarget                         0x2000015c   Data          16  control.o(.data)
    KitchenTarget                            0x2000016c   Data          16  control.o(.data)
    OtherTarget                              0x2000017c   Data          16  control.o(.data)
    HarmfulTarget                            0x2000018c   Data          16  control.o(.data)
    count_time                               0x2000019c   Data           1  control.o(.data)
    bi_flag                                  0x2000019d   Data           1  control.o(.data)
    bi_step                                  0x2000019e   Data           1  control.o(.data)
    temp_alpha                               0x200001a0   Data           4  control.o(.data)
    step                                     0x200001a4   Data           1  control.o(.data)
    count                                    0x200001a8   Data           4  control.o(.data)
    datalen                                  0x200001ac   Data           4  control.o(.data)
    dataIdx                                  0x200001b0   Data           4  control.o(.data)
    re_x                                     0x200001b4   Data           4  control.o(.data)
    re_y                                     0x200001b8   Data           4  control.o(.data)
    re_z                                     0x200001bc   Data           4  control.o(.data)
    r_color                                  0x200001c0   Data           4  control.o(.data)
    start_flag                               0x200001c4   Data           1  control.o(.data)
    stepcount                                0x200001c5   Data           1  control.o(.data)
    dogcmd                                   0x200001c6   Data           6  control.o(.data)
    music_Harmful                            0x200001cc   Data          18  control.o(.data)
    music_Recyc                              0x200001de   Data          14  control.o(.data)
    music_Kitchen                            0x200001ec   Data          14  control.o(.data)
    music_other                              0x200001fa   Data          14  control.o(.data)
    musiccount                               0x20000208   Data           4  control.o(.data)
    GarbageStype                             0x2000020c   Data           1  control.o(.data)
    singleStep                               0x2000020d   Data           1  control.o(.data)
    singnalCount                             0x20000210   Data           4  control.o(.data)
    tempcount                                0x20000214   Data          14  control.o(.data)
    princount                                0x20000224   Data           4  control.o(.data)
    bicount                                  0x20000228   Data           4  control.o(.data)
    CountBuff                                0x2000022c   Data           4  control.o(.data)
    rebuff                                   0x20000290   Data          30  usart.o(.bss)
    buff                                     0x200002ae   Data          30  usart.o(.bss)
    RXBuff                                   0x200002cc   Data        1000  usart.o(.bss)
    RXBuff_2                                 0x200006b4   Data          30  usart.o(.bss)
    SpeechBuff                               0x200006d2   Data          11  car.o(.bss)
    temp_radian                              0x200006e0   Data          20  control.o(.bss)
    ID_Count                                 0x200006f4   Data          14  control.o(.bss)
    _random_number_data                      0x20000704   Data         228  rand.o(.bss)
    __libspace_start                         0x200007e8   Data          96  libspace.o(.bss)
    __temporary_stack_top$libspace           0x20000848   Data           0  libspace.o(.bss)



==============================================================================

Memory Map of the image

  Image Entry point : 0x08000131

  Load Region LR_IROM1 (Base: 0x08000000, Size: 0x00007de0, Max: 0x00010000, ABSOLUTE, COMPRESSED[0x00007c24])

    Execution Region ER_IROM1 (Exec base: 0x08000000, Load base: 0x08000000, Size: 0x00007b50, Max: 0x00010000, ABSOLUTE)

    Exec Addr    Load Addr    Size         Type   Attr      Idx    E Section Name        Object

    0x08000000   0x08000000   0x00000130   Data   RO          221    RESET               startup_stm32f10x_hd.o
    0x08000130   0x08000130   0x00000008   Code   RO          877  * !!!main             c_w.l(__main.o)
    0x08000138   0x08000138   0x00000034   Code   RO         1275    !!!scatter          c_w.l(__scatter.o)
    0x0800016c   0x0800016c   0x0000005a   Code   RO         1273    !!dczerorl2         c_w.l(__dczerorl2.o)
    0x080001c6   0x080001c6   0x00000002   PAD
    0x080001c8   0x080001c8   0x0000001c   Code   RO         1277    !!handler_zi        c_w.l(__scatter_zi.o)
    0x080001e4   0x080001e4   0x00000000   Code   RO          865    .ARM.Collect$$_printf_percent$$00000000  c_w.l(_printf_percent.o)
    0x080001e4   0x080001e4   0x00000006   Code   RO          863    .ARM.Collect$$_printf_percent$$00000009  c_w.l(_printf_d.o)
    0x080001ea   0x080001ea   0x00000004   Code   RO         1000    .ARM.Collect$$_printf_percent$$00000017  c_w.l(_printf_percent_end.o)
    0x080001ee   0x080001ee   0x00000002   Code   RO         1199    .ARM.Collect$$libinit$$00000000  c_w.l(libinit.o)
    0x080001f0   0x080001f0   0x00000000   Code   RO         1002    .ARM.Collect$$libinit$$00000002  c_w.l(libinit2.o)
    0x080001f0   0x080001f0   0x00000000   Code   RO         1004    .ARM.Collect$$libinit$$00000004  c_w.l(libinit2.o)
    0x080001f0   0x080001f0   0x00000000   Code   RO         1007    .ARM.Collect$$libinit$$0000000A  c_w.l(libinit2.o)
    0x080001f0   0x080001f0   0x00000000   Code   RO         1009    .ARM.Collect$$libinit$$0000000C  c_w.l(libinit2.o)
    0x080001f0   0x080001f0   0x00000004   Code   RO         1010    .ARM.Collect$$libinit$$0000000D  c_w.l(libinit2.o)
    0x080001f4   0x080001f4   0x00000000   Code   RO         1011    .ARM.Collect$$libinit$$0000000E  c_w.l(libinit2.o)
    0x080001f4   0x080001f4   0x00000000   Code   RO         1014    .ARM.Collect$$libinit$$00000011  c_w.l(libinit2.o)
    0x080001f4   0x080001f4   0x00000000   Code   RO         1016    .ARM.Collect$$libinit$$00000013  c_w.l(libinit2.o)
    0x080001f4   0x080001f4   0x00000000   Code   RO         1018    .ARM.Collect$$libinit$$00000015  c_w.l(libinit2.o)
    0x080001f4   0x080001f4   0x00000000   Code   RO         1020    .ARM.Collect$$libinit$$00000017  c_w.l(libinit2.o)
    0x080001f4   0x080001f4   0x00000000   Code   RO         1022    .ARM.Collect$$libinit$$00000019  c_w.l(libinit2.o)
    0x080001f4   0x080001f4   0x00000000   Code   RO         1024    .ARM.Collect$$libinit$$0000001B  c_w.l(libinit2.o)
    0x080001f4   0x080001f4   0x00000000   Code   RO         1026    .ARM.Collect$$libinit$$0000001D  c_w.l(libinit2.o)
    0x080001f4   0x080001f4   0x00000000   Code   RO         1028    .ARM.Collect$$libinit$$0000001F  c_w.l(libinit2.o)
    0x080001f4   0x080001f4   0x00000000   Code   RO         1030    .ARM.Collect$$libinit$$00000021  c_w.l(libinit2.o)
    0x080001f4   0x080001f4   0x00000000   Code   RO         1032    .ARM.Collect$$libinit$$00000023  c_w.l(libinit2.o)
    0x080001f4   0x080001f4   0x00000000   Code   RO         1034    .ARM.Collect$$libinit$$00000025  c_w.l(libinit2.o)
    0x080001f4   0x080001f4   0x00000000   Code   RO         1038    .ARM.Collect$$libinit$$0000002C  c_w.l(libinit2.o)
    0x080001f4   0x080001f4   0x00000000   Code   RO         1040    .ARM.Collect$$libinit$$0000002E  c_w.l(libinit2.o)
    0x080001f4   0x080001f4   0x00000000   Code   RO         1042    .ARM.Collect$$libinit$$00000030  c_w.l(libinit2.o)
    0x080001f4   0x080001f4   0x00000000   Code   RO         1044    .ARM.Collect$$libinit$$00000032  c_w.l(libinit2.o)
    0x080001f4   0x080001f4   0x00000002   Code   RO         1045    .ARM.Collect$$libinit$$00000033  c_w.l(libinit2.o)
    0x080001f6   0x080001f6   0x00000002   Code   RO         1234    .ARM.Collect$$libshutdown$$00000000  c_w.l(libshutdown.o)
    0x080001f8   0x080001f8   0x00000000   Code   RO         1240    .ARM.Collect$$libshutdown$$00000002  c_w.l(libshutdown2.o)
    0x080001f8   0x080001f8   0x00000000   Code   RO         1242    .ARM.Collect$$libshutdown$$00000004  c_w.l(libshutdown2.o)
    0x080001f8   0x080001f8   0x00000000   Code   RO         1245    .ARM.Collect$$libshutdown$$00000007  c_w.l(libshutdown2.o)
    0x080001f8   0x080001f8   0x00000000   Code   RO         1248    .ARM.Collect$$libshutdown$$0000000A  c_w.l(libshutdown2.o)
    0x080001f8   0x080001f8   0x00000000   Code   RO         1250    .ARM.Collect$$libshutdown$$0000000C  c_w.l(libshutdown2.o)
    0x080001f8   0x080001f8   0x00000000   Code   RO         1253    .ARM.Collect$$libshutdown$$0000000F  c_w.l(libshutdown2.o)
    0x080001f8   0x080001f8   0x00000002   Code   RO         1254    .ARM.Collect$$libshutdown$$00000010  c_w.l(libshutdown2.o)
    0x080001fa   0x080001fa   0x00000000   Code   RO          987    .ARM.Collect$$rtentry$$00000000  c_w.l(__rtentry.o)
    0x080001fa   0x080001fa   0x00000000   Code   RO         1107    .ARM.Collect$$rtentry$$00000002  c_w.l(__rtentry2.o)
    0x080001fa   0x080001fa   0x00000006   Code   RO         1119    .ARM.Collect$$rtentry$$00000004  c_w.l(__rtentry4.o)
    0x08000200   0x08000200   0x00000000   Code   RO         1109    .ARM.Collect$$rtentry$$00000009  c_w.l(__rtentry2.o)
    0x08000200   0x08000200   0x00000004   Code   RO         1110    .ARM.Collect$$rtentry$$0000000A  c_w.l(__rtentry2.o)
    0x08000204   0x08000204   0x00000000   Code   RO         1112    .ARM.Collect$$rtentry$$0000000C  c_w.l(__rtentry2.o)
    0x08000204   0x08000204   0x00000008   Code   RO         1113    .ARM.Collect$$rtentry$$0000000D  c_w.l(__rtentry2.o)
    0x0800020c   0x0800020c   0x00000002   Code   RO         1204    .ARM.Collect$$rtexit$$00000000  c_w.l(rtexit.o)
    0x0800020e   0x0800020e   0x00000000   Code   RO         1216    .ARM.Collect$$rtexit$$00000002  c_w.l(rtexit2.o)
    0x0800020e   0x0800020e   0x00000004   Code   RO         1217    .ARM.Collect$$rtexit$$00000003  c_w.l(rtexit2.o)
    0x08000212   0x08000212   0x00000006   Code   RO         1218    .ARM.Collect$$rtexit$$00000004  c_w.l(rtexit2.o)
    0x08000218   0x08000218   0x0000000c   Code   RO          556    .emb_text           sys.o
    0x08000224   0x08000224   0x00000034   Code   RO          866    .emb_text           c_w.l(rand.o)
    0x08000258   0x08000258   0x0000001a   Code   RO            1    .text               stm32f10x_it.o
    0x08000272   0x08000272   0x00000002   PAD
    0x08000274   0x08000274   0x000001e0   Code   RO          104    .text               system_stm32f10x.o
    0x08000454   0x08000454   0x0000007c   Code   RO          122    .text               minibalance.o
    0x080004d0   0x080004d0   0x00000040   Code   RO          222    .text               startup_stm32f10x_hd.o
    0x08000510   0x08000510   0x000000dc   Code   RO          226    .text               misc.o
    0x080005ec   0x080005ec   0x0000035c   Code   RO          396    .text               stm32f10x_gpio.o
    0x08000948   0x08000948   0x000000cc   Code   RO          432    .text               stm32f10x_pwr.o
    0x08000a14   0x08000a14   0x000003a4   Code   RO          444    .text               stm32f10x_rcc.o
    0x08000db8   0x08000db8   0x00000e1a   Code   RO          494    .text               stm32f10x_tim.o
    0x08001bd2   0x08001bd2   0x00000002   PAD
    0x08001bd4   0x08001bd4   0x00000408   Code   RO          506    .text               stm32f10x_usart.o
    0x08001fdc   0x08001fdc   0x000000d4   Code   RO          530    .text               delay.o
    0x080020b0   0x080020b0   0x0000038c   Code   RO          557    .text               sys.o
    0x0800243c   0x0800243c   0x0000028c   Code   RO          576    .text               usart.o
    0x080026c8   0x080026c8   0x0000029c   Code   RO          604    .text               str_change.o
    0x08002964   0x08002964   0x000001f0   Code   RO          632    .text               key.o
    0x08002b54   0x08002b54   0x00000058   Code   RO          676    .text               timer.o
    0x08002bac   0x08002bac   0x00000270   Code   RO          688    .text               motor.o
    0x08002e1c   0x08002e1c   0x00000108   Code   RO          700    .text               usart3.o
    0x08002f24   0x08002f24   0x000003f4   Code   RO          753    .text               car.o
    0x08003318   0x08003318   0x00001f1c   Code   RO          769    .text               control.o
    0x08005234   0x08005234   0x00000002   Code   RO          829    .text               c_w.l(use_no_semi_2.o)
    0x08005236   0x08005236   0x00000002   PAD
    0x08005238   0x08005238   0x00000018   Code   RO          835    .text               c_w.l(noretval__2printf.o)
    0x08005250   0x08005250   0x00000078   Code   RO          841    .text               c_w.l(_printf_dec.o)
    0x080052c8   0x080052c8   0x0000010e   Code   RO          851    .text               c_w.l(__printf_wp.o)
    0x080053d6   0x080053d6   0x00000002   PAD
    0x080053d8   0x080053d8   0x0000003c   Code   RO          867    .text               c_w.l(rand.o)
    0x08005414   0x08005414   0x0000003e   Code   RO          871    .text               c_w.l(strlen.o)
    0x08005452   0x08005452   0x0000004e   Code   RO          873    .text               c_w.l(rt_memclr_w.o)
    0x080054a0   0x080054a0   0x00000006   Code   RO          875    .text               c_w.l(heapauxi.o)
    0x080054a6   0x080054a6   0x00000002   Code   RO          985    .text               c_w.l(use_no_semi.o)
    0x080054a8   0x080054a8   0x00000016   Code   RO          988    .text               c_w.l(_rserrno.o)
    0x080054be   0x080054be   0x000000b2   Code   RO          990    .text               c_w.l(_printf_intcommon.o)
    0x08005570   0x08005570   0x00000030   Code   RO          994    .text               c_w.l(_printf_char_common.o)
    0x080055a0   0x080055a0   0x00000024   Code   RO          998    .text               c_w.l(_printf_char_file.o)
    0x080055c4   0x080055c4   0x00000008   Code   RO         1129    .text               c_w.l(rt_errno_addr_intlibspace.o)
    0x080055cc   0x080055cc   0x00000008   Code   RO         1162    .text               c_w.l(ferror.o)
    0x080055d4   0x080055d4   0x00000008   Code   RO         1181    .text               c_w.l(libspace.o)
    0x080055dc   0x080055dc   0x0000004a   Code   RO         1184    .text               c_w.l(sys_stackheap_outer.o)
    0x08005626   0x08005626   0x00000012   Code   RO         1186    .text               c_w.l(exit.o)
    0x08005638   0x08005638   0x00000028   Code   RO         1090    i.__ARM_fpclassify  m_ws.l(fpclassify.o)
    0x08005660   0x08005660   0x00000388   Code   RO         1095    i.__ieee754_rem_pio2  m_ws.l(rred.o)
    0x080059e8   0x080059e8   0x000000fc   Code   RO         1073    i.__kernel_cos      m_ws.l(cos_i.o)
    0x08005ae4   0x08005ae4   0x000000aa   Code   RO         1092    i.__kernel_poly     m_ws.l(poly.o)
    0x08005b8e   0x08005b8e   0x00000002   PAD
    0x08005b90   0x08005b90   0x000000ec   Code   RO         1100    i.__kernel_sin      m_ws.l(sin_i.o)
    0x08005c7c   0x08005c7c   0x00000006   Code   RO         1077    i.__mathlib_dbl_infnan  m_ws.l(dunder.o)
    0x08005c82   0x08005c82   0x00000004   Code   RO         1078    i.__mathlib_dbl_infnan2  m_ws.l(dunder.o)
    0x08005c86   0x08005c86   0x0000000c   Code   RO         1079    i.__mathlib_dbl_invalid  m_ws.l(dunder.o)
    0x08005c92   0x08005c92   0x00000002   PAD
    0x08005c94   0x08005c94   0x00000010   Code   RO         1082    i.__mathlib_dbl_underflow  m_ws.l(dunder.o)
    0x08005ca4   0x08005ca4   0x0000000e   Code   RO          853    i._is_digit         c_w.l(__printf_wp.o)
    0x08005cb2   0x08005cb2   0x00000002   PAD
    0x08005cb4   0x08005cb4   0x00000270   Code   RO          940    i.asin              m_ws.l(asin.o)
    0x08005f24   0x08005f24   0x00000220   Code   RO         1064    i.atan              m_ws.l(atan.o)
    0x08006144   0x08006144   0x00000180   Code   RO          950    i.atan2             m_ws.l(atan2.o)
    0x080062c4   0x080062c4   0x0000009c   Code   RO          958    i.cos               m_ws.l(cos.o)
    0x08006360   0x08006360   0x000000dc   Code   RO          966    i.floor             m_ws.l(floor.o)
    0x0800643c   0x0800643c   0x000000a0   Code   RO          970    i.sin               m_ws.l(sin.o)
    0x080064dc   0x080064dc   0x0000004c   Code   RO          978    i.sqrt              m_ws.l(sqrt.o)
    0x08006528   0x08006528   0x00000062   Code   RO          879    x$fpl$d2f           fz_ws.l(d2f.o)
    0x0800658a   0x0800658a   0x00000002   PAD
    0x0800658c   0x0800658c   0x00000150   Code   RO          881    x$fpl$dadd          fz_ws.l(daddsub_clz.o)
    0x080066dc   0x080066dc   0x00000010   Code   RO         1171    x$fpl$dcheck1       fz_ws.l(dcheck1.o)
    0x080066ec   0x080066ec   0x00000018   Code   RO         1046    x$fpl$dcmpinf       fz_ws.l(dcmpi.o)
    0x08006704   0x08006704   0x000002b0   Code   RO          888    x$fpl$ddiv          fz_ws.l(ddiv.o)
    0x080069b4   0x080069b4   0x0000005e   Code   RO         1173    x$fpl$dfix          fz_ws.l(dfix.o)
    0x08006a12   0x08006a12   0x0000002e   Code   RO          892    x$fpl$dflt          fz_ws.l(dflt_clz.o)
    0x08006a40   0x08006a40   0x00000026   Code   RO          891    x$fpl$dfltu         fz_ws.l(dflt_clz.o)
    0x08006a66   0x08006a66   0x00000002   PAD
    0x08006a68   0x08006a68   0x00000078   Code   RO          897    x$fpl$dleqf         fz_ws.l(dleqf.o)
    0x08006ae0   0x08006ae0   0x00000154   Code   RO          899    x$fpl$dmul          fz_ws.l(dmul.o)
    0x08006c34   0x08006c34   0x0000009c   Code   RO         1048    x$fpl$dnaninf       fz_ws.l(dnaninf.o)
    0x08006cd0   0x08006cd0   0x0000000c   Code   RO         1050    x$fpl$dretinf       fz_ws.l(dretinf.o)
    0x08006cdc   0x08006cdc   0x0000006c   Code   RO          901    x$fpl$drleqf        fz_ws.l(drleqf.o)
    0x08006d48   0x08006d48   0x00000016   Code   RO          882    x$fpl$drsb          fz_ws.l(daddsub_clz.o)
    0x08006d5e   0x08006d5e   0x00000002   PAD
    0x08006d60   0x08006d60   0x000001cc   Code   RO         1052    x$fpl$dsqrt         fz_ws.l(dsqrt_noumaal.o)
    0x08006f2c   0x08006f2c   0x000001d4   Code   RO          883    x$fpl$dsub          fz_ws.l(daddsub_clz.o)
    0x08007100   0x08007100   0x00000056   Code   RO          903    x$fpl$f2d           fz_ws.l(f2d.o)
    0x08007156   0x08007156   0x00000002   PAD
    0x08007158   0x08007158   0x000000c4   Code   RO          905    x$fpl$fadd          fz_ws.l(faddsub_clz.o)
    0x0800721c   0x0800721c   0x00000018   Code   RO         1054    x$fpl$fcmpinf       fz_ws.l(fcmpi.o)
    0x08007234   0x08007234   0x00000184   Code   RO          912    x$fpl$fdiv          fz_ws.l(fdiv.o)
    0x080073b8   0x080073b8   0x00000068   Code   RO          915    x$fpl$feqf          fz_ws.l(feqf.o)
    0x08007420   0x08007420   0x00000036   Code   RO          917    x$fpl$ffix          fz_ws.l(ffix.o)
    0x08007456   0x08007456   0x00000002   PAD
    0x08007458   0x08007458   0x0000003e   Code   RO          921    x$fpl$ffixu         fz_ws.l(ffixu.o)
    0x08007496   0x08007496   0x00000002   PAD
    0x08007498   0x08007498   0x00000030   Code   RO          926    x$fpl$fflt          fz_ws.l(fflt_clz.o)
    0x080074c8   0x080074c8   0x00000068   Code   RO          931    x$fpl$fleqf         fz_ws.l(fleqf.o)
    0x08007530   0x08007530   0x00000102   Code   RO          933    x$fpl$fmul          fz_ws.l(fmul.o)
    0x08007632   0x08007632   0x0000008c   Code   RO         1056    x$fpl$fnaninf       fz_ws.l(fnaninf.o)
    0x080076be   0x080076be   0x0000000a   Code   RO         1058    x$fpl$fretinf       fz_ws.l(fretinf.o)
    0x080076c8   0x080076c8   0x00000062   Code   RO          935    x$fpl$frleqf        fz_ws.l(frleqf.o)
    0x0800772a   0x0800772a   0x00000014   Code   RO          906    x$fpl$frsb          fz_ws.l(faddsub_clz.o)
    0x0800773e   0x0800773e   0x00000002   PAD
    0x08007740   0x08007740   0x000000ea   Code   RO          907    x$fpl$fsub          fz_ws.l(faddsub_clz.o)
    0x0800782a   0x0800782a   0x00000064   Code   RO         1200    x$fpl$retnan        fz_ws.l(retnan.o)
    0x0800788e   0x0800788e   0x0000005c   Code   RO         1060    x$fpl$scalbn        fz_ws.l(scalbn.o)
    0x080078ea   0x080078ea   0x00000030   Code   RO         1212    x$fpl$trapveneer    fz_ws.l(trapv.o)
    0x0800791a   0x0800791a   0x00000000   Code   RO         1062    x$fpl$usenofp       fz_ws.l(usenofp.o)
    0x0800791a   0x0800791a   0x00000006   PAD
    0x08007920   0x08007920   0x00000050   Data   RO          941    .constdata          m_ws.l(asin.o)
    0x08007970   0x08007970   0x00000098   Data   RO         1065    .constdata          m_ws.l(atan.o)
    0x08007a08   0x08007a08   0x00000030   Data   RO         1074    .constdata          m_ws.l(cos_i.o)
    0x08007a38   0x08007a38   0x00000008   Data   RO         1094    .constdata          m_ws.l(qnan.o)
    0x08007a40   0x08007a40   0x000000c8   Data   RO         1097    .constdata          m_ws.l(rred.o)
    0x08007b08   0x08007b08   0x00000028   Data   RO         1101    .constdata          m_ws.l(sin_i.o)
    0x08007b30   0x08007b30   0x00000020   Data   RO         1271    Region$$Table       anon$$obj.o


    Execution Region RW_IRAM1 (Exec base: 0x20000000, Load base: 0x08007b50, Size: 0x00000e48, Max: 0x00005000, ABSOLUTE, COMPRESSED[0x000000d4])

    Exec Addr    Load Addr    Size         Type   Attr      Idx    E Section Name        Object

    0x20000000   COMPRESSED   0x00000014   Data   RW          105    .data               system_stm32f10x.o
    0x20000014   COMPRESSED   0x000000d3   Data   RW          124    .data               minibalance.o
    0x200000e7   COMPRESSED   0x00000014   Data   RW          445    .data               stm32f10x_rcc.o
    0x200000fb   COMPRESSED   0x00000001   PAD
    0x200000fc   COMPRESSED   0x00000004   Data   RW          531    .data               delay.o
    0x20000100   COMPRESSED   0x00000018   Data   RW          578    .data               usart.o
    0x20000118   COMPRESSED   0x0000000e   Data   RW          633    .data               key.o
    0x20000126   COMPRESSED   0x00000002   PAD
    0x20000128   COMPRESSED   0x00000168   Data   RW          771    .data               control.o
    0x20000290        -       0x00000442   Zero   RW          577    .bss                usart.o
    0x200006d2        -       0x0000000b   Zero   RW          754    .bss                car.o
    0x200006dd   COMPRESSED   0x00000003   PAD
    0x200006e0        -       0x00000022   Zero   RW          770    .bss                control.o
    0x20000702   COMPRESSED   0x00000002   PAD
    0x20000704        -       0x000000e4   Zero   RW          868    .bss                c_w.l(rand.o)
    0x200007e8        -       0x00000060   Zero   RW         1182    .bss                c_w.l(libspace.o)
    0x20000848        -       0x00000200   Zero   RW          220    HEAP                startup_stm32f10x_hd.o
    0x20000a48        -       0x00000400   Zero   RW          219    STACK               startup_stm32f10x_hd.o


==============================================================================

Image component sizes


      Code (inc. data)   RO Data    RW Data    ZI Data      Debug   Object Name

      1012         58          0          0         11       4001   car.o
      7964        792          0        360         34      16048   control.o
         0          0          0          0          0         32   core_cm3.o
       212         18          0          4          0       1215   delay.o
       496         46          0         14          0       1715   key.o
       124          8          0        211          0       3861   minibalance.o
       220         22          0          0          0     205537   misc.o
       624         30          0          0          0       1608   motor.o
        64         26        304          0       1536        884   startup_stm32f10x_hd.o
       860         38          0          0          0       5905   stm32f10x_gpio.o
        26          0          0          0          0     251406   stm32f10x_it.o
       204         14          0          0          0       2039   stm32f10x_pwr.o
       932         36          0         20          0       9172   stm32f10x_rcc.o
      3610         88          0          0          0      23016   stm32f10x_tim.o
      1032         22          0          0          0       8632   stm32f10x_usart.o
       668         14          0          0          0       3830   str_change.o
       920         46          0          0          0      19062   sys.o
       480         38          0         20          0       1995   system_stm32f10x.o
        88          0          0          0          0        768   timer.o
       652         42          0         24       1090       4986   usart.o
       264         20          0          0          0       1023   usart3.o

    ----------------------------------------------------------------------
     20456       1358        336        656       2676     566735   Object Totals
         0          0         32          0          0          0   (incl. Generated)
         4          0          0          3          5          0   (incl. Padding)

    ----------------------------------------------------------------------

      Code (inc. data)   RO Data    RW Data    ZI Data      Debug   Library Member Name

        90          0          0          0          0          0   __dczerorl2.o
         8          0          0          0          0         68   __main.o
       284          0          0          0          0        156   __printf_wp.o
         0          0          0          0          0          0   __rtentry.o
        12          0          0          0          0          0   __rtentry2.o
         6          0          0          0          0          0   __rtentry4.o
        52          8          0          0          0          0   __scatter.o
        28          0          0          0          0          0   __scatter_zi.o
        48          6          0          0          0         96   _printf_char_common.o
        36          4          0          0          0         80   _printf_char_file.o
         6          0          0          0          0          0   _printf_d.o
       120         16          0          0          0         92   _printf_dec.o
       178          0          0          0          0         88   _printf_intcommon.o
         0          0          0          0          0          0   _printf_percent.o
         4          0          0          0          0          0   _printf_percent_end.o
        22          0          0          0          0        100   _rserrno.o
        18          0          0          0          0         80   exit.o
         8          0          0          0          0         68   ferror.o
         6          0          0          0          0        152   heapauxi.o
         2          0          0          0          0          0   libinit.o
         6          0          0          0          0          0   libinit2.o
         2          0          0          0          0          0   libshutdown.o
         2          0          0          0          0          0   libshutdown2.o
         8          4          0          0         96         68   libspace.o
        24          4          0          0          0         84   noretval__2printf.o
       112         18          0          0        228        160   rand.o
         8          4          0          0          0         68   rt_errno_addr_intlibspace.o
        78          0          0          0          0         80   rt_memclr_w.o
         2          0          0          0          0          0   rtexit.o
        10          0          0          0          0          0   rtexit2.o
        62          0          0          0          0         76   strlen.o
        74          0          0          0          0         80   sys_stackheap_outer.o
         2          0          0          0          0         68   use_no_semi.o
         2          0          0          0          0         68   use_no_semi_2.o
        98          4          0          0          0         92   d2f.o
       826         16          0          0          0        348   daddsub_clz.o
        16          4          0          0          0         68   dcheck1.o
        24          0          0          0          0         68   dcmpi.o
       688        140          0          0          0        208   ddiv.o
        94          4          0          0          0         92   dfix.o
        84          0          0          0          0        136   dflt_clz.o
       120          4          0          0          0         92   dleqf.o
       340         12          0          0          0        104   dmul.o
       156          4          0          0          0         92   dnaninf.o
        12          0          0          0          0         68   dretinf.o
       108          0          0          0          0         80   drleqf.o
       460         56          0          0          0        120   dsqrt_noumaal.o
        86          4          0          0          0         84   f2d.o
       450          8          0          0          0        236   faddsub_clz.o
        24          0          0          0          0         68   fcmpi.o
       388         76          0          0          0         96   fdiv.o
       104          4          0          0          0         84   feqf.o
        54          4          0          0          0         84   ffix.o
        62          4          0          0          0         84   ffixu.o
        48          0          0          0          0         68   fflt_clz.o
       104          4          0          0          0         84   fleqf.o
       258          4          0          0          0         84   fmul.o
       140          4          0          0          0         84   fnaninf.o
        10          0          0          0          0         68   fretinf.o
        98          0          0          0          0         68   frleqf.o
       100          0          0          0          0         68   retnan.o
        92          0          0          0          0         68   scalbn.o
        48          0          0          0          0         68   trapv.o
         0          0          0          0          0          0   usenofp.o
       624         52         80          0          0        168   asin.o
       544         70        152          0          0        124   atan.o
       384         38          0          0          0        144   atan2.o
       156          8          0          0          0        104   cos.o
       252         22         48          0          0        124   cos_i.o
        38          6          0          0          0        272   dunder.o
       220         16          0          0          0         84   floor.o
        40          0          0          0          0         68   fpclassify.o
       170          0          0          0          0         96   poly.o
         0          0          8          0          0          0   qnan.o
       904         76        200          0          0        140   rred.o
       160         10          0          0          0        108   sin.o
       236         12         40          0          0        128   sin_i.o
        76          0          0          0          0         84   sqrt.o

    ----------------------------------------------------------------------
     10248        730        528          0        324       6340   Library Totals
        32          0          0          0          0          0   (incl. Padding)

    ----------------------------------------------------------------------

      Code (inc. data)   RO Data    RW Data    ZI Data      Debug   Library Name

      1320         64          0          0        324       1732   c_w.l
      5092        356          0          0          0       2964   fz_ws.l
      3804        310        528          0          0       1644   m_ws.l

    ----------------------------------------------------------------------
     10248        730        528          0        324       6340   Library Totals

    ----------------------------------------------------------------------

==============================================================================


      Code (inc. data)   RO Data    RW Data    ZI Data      Debug   

     30704       2088        864        656       3000     567611   Grand Totals
     30704       2088        864        212       3000     567611   ELF Image Totals (compressed)
     30704       2088        864        212          0          0   ROM Totals

==============================================================================

    Total RO  Size (Code + RO Data)                31568 (  30.83kB)
    Total RW  Size (RW Data + ZI Data)              3656 (   3.57kB)
    Total ROM Size (Code + RO Data + RW Data)      31780 (  31.04kB)

==============================================================================

